Component: ARM Compiler 5.06 update 2 (build 183) Tool: armlink [4d35b7]

==============================================================================

Section Cross References

    application.o(i.rt_application_init) refers to easy_rtthread.o(i.mutex_create) for mutex_create
    application.o(i.rt_application_init) refers to easy_rtthread.o(i.event_create) for event_create
    application.o(i.rt_application_init) refers to lowpower.o(i.set_nouse_gpio_an_mode) for set_nouse_gpio_an_mode
    application.o(i.rt_application_init) refers to easy_rtthread.o(i.thread_create) for thread_create
    application.o(i.rt_application_init) refers to cpuusage.o(i.cpu_usage_init) for cpu_usage_init
    application.o(i.rt_application_init) refers to application.o(.data) for flg
    application.o(i.rt_application_init) refers to application.o(.bss) for mpubuffer
    application.o(i.rt_application_init) refers to thread_key.o(i.rt_key_thread_entry) for rt_key_thread_entry
    application.o(i.rt_application_init) refers to thread_mpu6050.o(i.rt_mpu_thread_entry) for rt_mpu_thread_entry
    application.o(i.rt_application_init) refers to thread_sensors.o(i.rt_sensors_thread_entry) for rt_sensors_thread_entry
    application.o(i.rt_application_init) refers to thread_battery.o(i.rt_battery_thread_entry) for rt_battery_thread_entry
    application.o(i.rt_application_init) refers to thread_oled.o(i.rt_oled_thread_entry) for rt_oled_thread_entry
    application.o(i.rt_application_init) refers to thread_audio.o(i.rt_wm8978_thread_entry) for rt_wm8978_thread_entry
    application.o(i.rt_application_init) refers to thread_file.o(i.rt_file_thread_entry) for rt_file_thread_entry
    application.o(i.rt_application_init) refers to thread_dsp.o(i.rt_dsp_thread_entry) for rt_dsp_thread_entry
    easy_rtthread.o(i.close) refers to scheduler.o(i.rt_enter_critical) for rt_enter_critical
    easy_rtthread.o(i.close) refers to ff.o(i.f_close) for f_close
    easy_rtthread.o(i.close) refers to easy_rtthread.o(i.mutex_lock) for mutex_lock
    easy_rtthread.o(i.close) refers to kservice.o(i.rt_kprintf) for rt_kprintf
    easy_rtthread.o(i.close) refers to easy_rtthread.o(i.mutex_unlock) for mutex_unlock
    easy_rtthread.o(i.close) refers to scheduler.o(i.rt_exit_critical) for rt_exit_critical
    easy_rtthread.o(i.close) refers to application.o(.data) for log_mutex
    easy_rtthread.o(i.event_create) refers to ipc.o(i.rt_event_create) for rt_event_create
    easy_rtthread.o(i.event_create) refers to easy_rtthread.o(i.mutex_lock) for mutex_lock
    easy_rtthread.o(i.event_create) refers to kservice.o(i.rt_kprintf) for rt_kprintf
    easy_rtthread.o(i.event_create) refers to easy_rtthread.o(i.mutex_unlock) for mutex_unlock
    easy_rtthread.o(i.event_create) refers to application.o(.data) for log_mutex
    easy_rtthread.o(i.event_delete) refers to ipc.o(i.rt_event_delete) for rt_event_delete
    easy_rtthread.o(i.event_delete) refers to easy_rtthread.o(i.mutex_lock) for mutex_lock
    easy_rtthread.o(i.event_delete) refers to kservice.o(i.rt_kprintf) for rt_kprintf
    easy_rtthread.o(i.event_delete) refers to easy_rtthread.o(i.mutex_unlock) for mutex_unlock
    easy_rtthread.o(i.event_delete) refers to application.o(.data) for log_mutex
    easy_rtthread.o(i.event_recv) refers to ipc.o(i.rt_event_recv) for rt_event_recv
    easy_rtthread.o(i.event_recv) refers to easy_rtthread.o(i.mutex_lock) for mutex_lock
    easy_rtthread.o(i.event_recv) refers to kservice.o(i.rt_kprintf) for rt_kprintf
    easy_rtthread.o(i.event_recv) refers to easy_rtthread.o(i.mutex_unlock) for mutex_unlock
    easy_rtthread.o(i.event_recv) refers to application.o(.data) for log_mutex
    easy_rtthread.o(i.event_recv_timeout) refers to ipc.o(i.rt_event_recv) for rt_event_recv
    easy_rtthread.o(i.event_recv_timeout) refers to easy_rtthread.o(i.mutex_lock) for mutex_lock
    easy_rtthread.o(i.event_recv_timeout) refers to kservice.o(i.rt_kprintf) for rt_kprintf
    easy_rtthread.o(i.event_recv_timeout) refers to easy_rtthread.o(i.mutex_unlock) for mutex_unlock
    easy_rtthread.o(i.event_recv_timeout) refers to application.o(.data) for log_mutex
    easy_rtthread.o(i.event_send) refers to ipc.o(i.rt_event_send) for rt_event_send
    easy_rtthread.o(i.event_send) refers to easy_rtthread.o(i.mutex_lock) for mutex_lock
    easy_rtthread.o(i.event_send) refers to kservice.o(i.rt_kprintf) for rt_kprintf
    easy_rtthread.o(i.event_send) refers to easy_rtthread.o(i.mutex_unlock) for mutex_unlock
    easy_rtthread.o(i.event_send) refers to application.o(.data) for log_mutex
    easy_rtthread.o(i.file_read) refers to scheduler.o(i.rt_enter_critical) for rt_enter_critical
    easy_rtthread.o(i.file_read) refers to ff.o(i.f_read) for f_read
    easy_rtthread.o(i.file_read) refers to easy_rtthread.o(i.mutex_lock) for mutex_lock
    easy_rtthread.o(i.file_read) refers to kservice.o(i.rt_kprintf) for rt_kprintf
[...]
    0x08005190   0x00000002   Code   RO         9347    i.OP_no_op          finsh_ops.o
    0x08005192   0x00000002   PAD
    0x08005194   0x00000030   Code   RO         9348    i.OP_or_byte        finsh_ops.o
    0x080051c4   0x00000030   Code   RO         9349    i.OP_or_dword       finsh_ops.o
    0x080051f4   0x00000030   Code   RO         9350    i.OP_or_word        finsh_ops.o
    0x08005224   0x00000010   Code   RO         9351    i.OP_pop            finsh_ops.o
    0x08005234   0x00000030   Code   RO         9352    i.OP_shl_byte       finsh_ops.o
    0x08005264   0x00000030   Code   RO         9353    i.OP_shl_dword      finsh_ops.o
    0x08005294   0x00000030   Code   RO         9354    i.OP_shl_word       finsh_ops.o
    0x080052c4   0x00000030   Code   RO         9355    i.OP_shr_byte       finsh_ops.o
    0x080052f4   0x00000030   Code   RO         9356    i.OP_shr_dword      finsh_ops.o
    0x08005324   0x00000030   Code   RO         9357    i.OP_shr_word       finsh_ops.o
    0x08005354   0x00000024   Code   RO         9358    i.OP_st_byte        finsh_ops.o
    0x08005378   0x00000024   Code   RO         9359    i.OP_st_dword       finsh_ops.o
    0x0800539c   0x00000024   Code   RO         9360    i.OP_st_word        finsh_ops.o
    0x080053c0   0x00000030   Code   RO         9361    i.OP_sub_byte       finsh_ops.o
    0x080053f0   0x00000030   Code   RO         9362    i.OP_sub_dword      finsh_ops.o
    0x08005420   0x00000030   Code   RO         9363    i.OP_sub_word       finsh_ops.o
    0x08005450   0x00000030   Code   RO         9364    i.OP_xor_byte       finsh_ops.o
    0x08005480   0x00000030   Code   RO         9365    i.OP_xor_dword      finsh_ops.o
    0x080054b0   0x00000030   Code   RO         9366    i.OP_xor_word       finsh_ops.o
    0x080054e0   0x00000018   Code   RO         2701    i.OTG_FS_IRQHandler  usb_it.o
    0x080054f8   0x00000024   Code   RO         5259    i.PWR_BackupAccessCmd  stm32f4xx_pwr.o
    0x0800551c   0x00000054   Code   RO         5350    i.RCC_AHB1PeriphClockCmd  stm32f4xx_rcc.o
    0x08005570   0x00000050   Code   RO         5353    i.RCC_AHB2PeriphClockCmd  stm32f4xx_rcc.o
    0x080055c0   0x00000054   Code   RO         5359    i.RCC_APB1PeriphClockCmd  stm32f4xx_rcc.o
    0x08005614   0x00000054   Code   RO         5361    i.RCC_APB1PeriphResetCmd  stm32f4xx_rcc.o
    0x08005668   0x00000054   Code   RO         5362    i.RCC_APB2PeriphClockCmd  stm32f4xx_rcc.o
    0x080056bc   0x00000054   Code   RO         5364    i.RCC_APB2PeriphResetCmd  stm32f4xx_rcc.o
    0x08005710   0x00000024   Code   RO         2576    i.RCC_Configuration  usart.o
    0x08005734   0x000000e8   Code   RO         5371    i.RCC_GetClocksFreq  stm32f4xx_rcc.o
    0x0800581c   0x0000008c   Code   RO         5372    i.RCC_GetFlagStatus  stm32f4xx_rcc.o
    0x080058a8   0x0000004c   Code   RO         5380    i.RCC_LSEConfig     stm32f4xx_rcc.o
    0x080058f4   0x00000024   Code   RO         5388    i.RCC_PLLI2SCmd     stm32f4xx_rcc.o
    0x08005918   0x00000044   Code   RO         5389    i.RCC_PLLI2SConfig  stm32f4xx_rcc.o
    0x0800595c   0x00000024   Code   RO         5390    i.RCC_RTCCLKCmd     stm32f4xx_rcc.o
    0x08005980   0x00000188   Code   RO         5391    i.RCC_RTCCLKConfig  stm32f4xx_rcc.o
    0x08005b08   0x00000016   Code   RO         5705    i.RTC_Bcd2ToByte    stm32f4xx_rtc.o
    0x08005b1e   0x0000001c   Code   RO         5707    i.RTC_ByteToBcd2    stm32f4xx_rtc.o
    0x08005b3a   0x00000002   PAD
    0x08005b3c   0x0000003c   Code   RO         5710    i.RTC_ClearFlag     stm32f4xx_rtc.o
    0x08005b78   0x00000050   Code   RO         5717    i.RTC_EnterInitMode  stm32f4xx_rtc.o
    0x08005bc8   0x00000014   Code   RO         5718    i.RTC_ExitInitMode  stm32f4xx_rtc.o
    0x08005bdc   0x00000064   Code   RO         5721    i.RTC_GetDate       stm32f4xx_rtc.o
    0x08005c40   0x0000007c   Code   RO         5722    i.RTC_GetFlagStatus  stm32f4xx_rtc.o
    0x08005cbc   0x00000068   Code   RO         5726    i.RTC_GetTime       stm32f4xx_rtc.o
    0x08005d24   0x000000a4   Code   RO         5731    i.RTC_Init          stm32f4xx_rtc.o
    0x08005dc8   0x0000007c   Code   RO         5734    i.RTC_ReadBackupRegister  stm32f4xx_rtc.o
    0x08005e44   0x0000017c   Code   RO         5737    i.RTC_SetDate       stm32f4xx_rtc.o
    0x08005fc0   0x000001a0   Code   RO         5738    i.RTC_SetTime       stm32f4xx_rtc.o
    0x08006160   0x00000022   Code   RO         2997    i.RTC_WKUP_IRQHandler  rtc.o
    0x08006182   0x00000002   PAD
    0x08006184   0x00000060   Code   RO         5754    i.RTC_WaitForSynchro  stm32f4xx_rtc.o
    0x080061e4   0x00000080   Code   RO         5757    i.RTC_WriteBackupRegister  stm32f4xx_rtc.o
    0x08006264   0x000000bc   Code   RO         2998    i.RTC_init          rtc.o
    0x08006320   0x0000009c   Code   RO         2999    i.RTC_set_date      rtc.o
    0x080063bc   0x00000068   Code   RO         3000    i.RTC_set_time      rtc.o
    0x08006424   0x0000002c   Code   RO        10529    i.SCSI_CheckAddressRange  usbd_msc_scsi.o
    0x08006450   0x00000058   Code   RO        10530    i.SCSI_Inquiry      usbd_msc_scsi.o
    0x080064a8   0x00000030   Code   RO        10531    i.SCSI_ModeSense10  usbd_msc_scsi.o
    0x080064d8   0x00000030   Code   RO        10532    i.SCSI_ModeSense6   usbd_msc_scsi.o
    0x08006508   0x000000d8   Code   RO        10533    i.SCSI_ProcessCmd   usbd_msc_scsi.o
    0x080065e0   0x000000b8   Code   RO        10534    i.SCSI_ProcessRead  usbd_msc_scsi.o
    0x08006698   0x000000cc   Code   RO        10535    i.SCSI_ProcessWrite  usbd_msc_scsi.o
    0x08006764   0x000000f0   Code   RO        10536    i.SCSI_Read10       usbd_msc_scsi.o
    0x08006854   0x0000008c   Code   RO        10537    i.SCSI_ReadCapacity10  usbd_msc_scsi.o
    0x080068e0   0x00000088   Code   RO        10538    i.SCSI_ReadFormatCapacity  usbd_msc_scsi.o
    0x08006968   0x00000098   Code   RO        10539    i.SCSI_RequestSense  usbd_msc_scsi.o
    0x08006a00   0x0000003c   Code   RO        10540    i.SCSI_SenseCode    usbd_msc_scsi.o
    0x08006a3c   0x00000010   Code   RO        10541    i.SCSI_StartStopUnit  usbd_msc_scsi.o
    0x08006a4c   0x00000050   Code   RO        10542    i.SCSI_TestUnitReady  usbd_msc_scsi.o
    0x08006a9c   0x00000050   Code   RO        10543    i.SCSI_Verify10     usbd_msc_scsi.o
    0x08006aec   0x00000134   Code   RO        10544    i.SCSI_Write10      usbd_msc_scsi.o
    0x08006c20   0x000002b8   Code   RO         1926    i.SDEnWideBus       sdio_sd.o
    0x08006ed8   0x0000002c   Code   RO         6062    i.SDIO_ClearFlag    stm32f4xx_sdio.o
    0x08006f04   0x0000002c   Code   RO         6063    i.SDIO_ClearITPendingBit  stm32f4xx_sdio.o
    0x08006f30   0x00000024   Code   RO         6064    i.SDIO_ClockCmd     stm32f4xx_sdio.o
    0x08006f54   0x00000024   Code   RO         6067    i.SDIO_DMACmd       stm32f4xx_sdio.o
    0x08006f78   0x000000f4   Code   RO         6068    i.SDIO_DataConfig   stm32f4xx_sdio.o
    0x0800706c   0x00000016   Code   RO         6070    i.SDIO_DeInit       stm32f4xx_sdio.o
    0x08007082   0x00000002   PAD
    0x08007084   0x0000000c   Code   RO         6071    i.SDIO_GetCommandResponse  stm32f4xx_sdio.o
    0x08007090   0x000000ac   Code   RO         6074    i.SDIO_GetFlagStatus  stm32f4xx_sdio.o
    0x0800713c   0x000000ac   Code   RO         6075    i.SDIO_GetITStatus  stm32f4xx_sdio.o
    0x080071e8   0x00000010   Code   RO         6076    i.SDIO_GetPowerState  stm32f4xx_sdio.o
    0x080071f8   0x00000038   Code   RO         6077    i.SDIO_GetResponse  stm32f4xx_sdio.o
    0x08007230   0x00000010   Code   RO         1927    i.SDIO_IRQHandler   sdio_sd.o
    0x08007240   0x00000050   Code   RO         6078    i.SDIO_ITConfig     stm32f4xx_sdio.o
    0x08007290   0x000000b8   Code   RO         6079    i.SDIO_Init         stm32f4xx_sdio.o
    0x08007348   0x0000003a   Code   RO         1928    i.SDIO_Interrupts_Config  sdio_sd.o
    0x08007382   0x00000002   PAD
    0x08007384   0x0000000c   Code   RO         6080    i.SDIO_ReadData     stm32f4xx_sdio.o
    0x08007390   0x0000009c   Code   RO         6082    i.SDIO_SendCommand  stm32f4xx_sdio.o
    0x0800742c   0x00000024   Code   RO         6084    i.SDIO_SetPowerState  stm32f4xx_sdio.o
    0x08007450   0x00000020   Code   RO         1930    i.SD_Detect         sdio_sd.o
    0x08007470   0x00000218   Code   RO         1931    i.SD_EnableWideBusOperation  sdio_sd.o
    0x08007688   0x0000030c   Code   RO         1933    i.SD_GetCardInfo    sdio_sd.o
    0x08007994   0x00000026   Code   RO         1935    i.SD_GetState       sdio_sd.o
    0x080079ba   0x0000001e   Code   RO         1936    i.SD_GetStatus      sdio_sd.o
    0x080079d8   0x00000298   Code   RO         1938    i.SD_Init           sdio_sd.o
    0x08007c70   0x0000013c   Code   RO         1939    i.SD_InitializeCards  sdio_sd.o
    0x08007dac   0x00000090   Code   RO         1940    i.SD_LowLevel_DMA_RxConfig  sdio_sd.o
    0x08007e3c   0x00000090   Code   RO         1941    i.SD_LowLevel_DMA_TxConfig  sdio_sd.o
    0x08007ecc   0x000000c4   Code   RO         1943    i.SD_LowLevel_Init  sdio_sd.o
    0x08007f90   0x000001a0   Code   RO         1945    i.SD_PowerON        sdio_sd.o
    0x08008130   0x00000028   Code   RO         1946    i.SD_ProcessDMAIRQ  sdio_sd.o
    0x08008158   0x000000a8   Code   RO         1947    i.SD_ProcessIRQSrc  sdio_sd.o
    0x08008200   0x000000e0   Code   RO         1948    i.SD_ReadBlock      sdio_sd.o
    0x080082e0   0x000000e8   Code   RO         1949    i.SD_ReadMultiBlocks  sdio_sd.o
    0x080083c8   0x00000034   Code   RO         1950    i.SD_SelectDeselect  sdio_sd.o
    0x080083fc   0x00000054   Code   RO         1952    i.SD_SendStatus     sdio_sd.o
    0x08008450   0x00000034   Code   RO         1953    i.SD_StopTransfer   sdio_sd.o
    0x08008484   0x00000080   Code   RO         1954    i.SD_WaitReadOperation  sdio_sd.o
    0x08008504   0x00000080   Code   RO         1955    i.SD_WaitWriteOperation  sdio_sd.o
    0x08008584   0x000000dc   Code   RO         1956    i.SD_WriteBlock     sdio_sd.o
    0x08008660   0x00000148   Code   RO         1957    i.SD_WriteMultiBlocks  sdio_sd.o
    0x080087a8   0x00000084   Code   RO        11067    i.SD_disk_initialize  diskio.o
    0x0800882c   0x00000060   Code   RO         6266    i.SPI_Cmd           stm32f4xx_spi.o
    0x0800888c   0x00000080   Code   RO         6272    i.SPI_I2S_DMACmd    stm32f4xx_spi.o
    0x0800890c   0x00000088   Code   RO         6274    i.SPI_I2S_GetFlagStatus  stm32f4xx_spi.o
    0x08008994   0x00000048   Code   RO         6277    i.SPI_I2S_ReceiveData  stm32f4xx_spi.o
    0x080089dc   0x00000048   Code   RO         6278    i.SPI_I2S_SendData  stm32f4xx_spi.o
    0x08008a24   0x0000016c   Code   RO         6279    i.SPI_Init          stm32f4xx_spi.o
    0x08008b90   0x0000003c   Code   RO         2799    i.STORAGE_GetCapacity  usbd_storage_msd.o
    0x08008bcc   0x00000004   Code   RO         2800    i.STORAGE_GetMaxLun  usbd_storage_msd.o
    0x08008bd0   0x00000080   Code   RO         2801    i.STORAGE_Init      usbd_storage_msd.o
    0x08008c50   0x00000068   Code   RO         2802    i.STORAGE_IsReady   usbd_storage_msd.o
    0x08008cb8   0x00000006   Code   RO         2803    i.STORAGE_IsWriteProtected  usbd_storage_msd.o
    0x08008cbe   0x00000002   PAD
    0x08008cc0   0x000000d8   Code   RO         2804    i.STORAGE_Read      usbd_storage_msd.o
    0x08008d98   0x000000e4   Code   RO         2805    i.STORAGE_Write     usbd_storage_msd.o
    0x08008e7c   0x00000002   Code   RO          478    i.SVC_Handler       stm32f4xx_it.o
    0x08008e7e   0x00000002   PAD
    0x08008e80   0x000000ec   Code   RO        10032    i.SetSysClock       system_stm32f4xx.o
    0x08008f6c   0x00000080   Code   RO         3162    i.SysTick_CLKSourceConfig  misc.o
    0x08008fec   0x00000068   Code   RO         1213    i.SysTick_Configuration  board.o
    0x08009054   0x00000010   Code   RO         1214    i.SysTick_Handler   board.o
    0x08009064   0x000000c0   Code   RO        10033    i.SystemCoreClockUpdate  system_stm32f4xx.o
    0x08009124   0x00000068   Code   RO        10034    i.SystemInit        system_stm32f4xx.o
    0x0800918c   0x0000004c   Code   RO         2577    i.USART1_IRQHandler  usart.o
    0x080091d8   0x0000004c   Code   RO         2578    i.USART2_IRQHandler  usart.o
    0x08009224   0x000000c0   Code   RO         7052    i.USART_ClearITPendingBit  stm32f4xx_usart.o
    0x080092e4   0x0000007c   Code   RO         7055    i.USART_Cmd         stm32f4xx_usart.o
    0x08009360   0x00000134   Code   RO         7059    i.USART_GetITStatus  stm32f4xx_usart.o
    0x08009494   0x00000120   Code   RO         7061    i.USART_ITConfig    stm32f4xx_usart.o
    0x080095b4   0x000001e8   Code   RO         7062    i.USART_Init        stm32f4xx_usart.o
    0x0800979c   0x00000016   Code   RO        10079    i.USBD_ClrCfg       usbd_core.o
    0x080097b2   0x00000048   Code   RO        10247    i.USBD_ClrFeature   usbd_req.o
    0x080097fa   0x0000001e   Code   RO        10187    i.USBD_CtlContinueRx  usbd_ioreq.o
    0x08009818   0x0000001e   Code   RO        10188    i.USBD_CtlContinueSendData  usbd_ioreq.o
    0x08009836   0x0000001e   Code   RO        10248    i.USBD_CtlError     usbd_req.o
    0x08009854   0x00000024   Code   RO        10190    i.USBD_CtlReceiveStatus  usbd_ioreq.o
    0x08009878   0x0000002e   Code   RO        10191    i.USBD_CtlSendData  usbd_ioreq.o
    0x080098a6   0x00000024   Code   RO        10192    i.USBD_CtlSendStatus  usbd_ioreq.o
    0x080098ca   0x000000d0   Code   RO        10080    i.USBD_DataInStage  usbd_core.o
    0x0800999a   0x00000096   Code   RO        10081    i.USBD_DataOutStage  usbd_core.o
    0x08009a30   0x00000006   Code   RO        10082    i.USBD_DeInit       usbd_core.o
    0x08009a36   0x00000018   Code   RO        10083    i.USBD_DevConnected  usbd_core.o
    0x08009a4e   0x00000024   Code   RO        10084    i.USBD_DevDisconnected  usbd_core.o
    0x08009a72   0x00000002   PAD
    0x08009a74   0x00000054   Code   RO        10249    i.USBD_GetConfig    usbd_req.o
    0x08009ac8   0x00000122   Code   RO        10250    i.USBD_GetDescriptor  usbd_req.o
    0x08009bea   0x00000014   Code   RO        10251    i.USBD_GetLen       usbd_req.o
    0x08009bfe   0x00000014   Code   RO        10193    i.USBD_GetRxCount   usbd_ioreq.o
    0x08009c12   0x00000002   PAD
    0x08009c14   0x00000050   Code   RO        10252    i.USBD_GetStatus    usbd_req.o
    0x08009c64   0x00000052   Code   RO        10253    i.USBD_GetString    usbd_req.o
    0x08009cb6   0x00000042   Code   RO        10085    i.USBD_Init         usbd_core.o
    0x08009cf8   0x00000012   Code   RO        10086    i.USBD_IsoINIncomplete  usbd_core.o
    0x08009d0a   0x00000012   Code   RO        10087    i.USBD_IsoOUTIncomplete  usbd_core.o
    0x08009d1c   0x00000012   Code   RO        10441    i.USBD_MSC_DataIn   usbd_msc_core.o
    0x08009d2e   0x00000012   Code   RO        10442    i.USBD_MSC_DataOut  usbd_msc_core.o
    0x08009d40   0x00000020   Code   RO        10443    i.USBD_MSC_DeInit   usbd_msc_core.o
    0x08009d60   0x00000010   Code   RO        10444    i.USBD_MSC_GetCfgDesc  usbd_msc_core.o
    0x08009d70   0x00000030   Code   RO        10445    i.USBD_MSC_Init     usbd_msc_core.o
    0x08009da0   0x00000120   Code   RO        10446    i.USBD_MSC_Setup    usbd_msc_core.o
    0x08009ec0   0x00000100   Code   RO        10983    i.USBD_OTG_ISR_Handler  usb_dcd_int.o
    0x08009fc0   0x00000048   Code   RO        10254    i.USBD_ParseSetupRequest  usbd_req.o
    0x0800a008   0x00000032   Code   RO        10088    i.USBD_Reset        usbd_core.o
    0x0800a03a   0x0000001e   Code   RO        10089    i.USBD_Resume       usbd_core.o
    0x0800a058   0x00000014   Code   RO        10090    i.USBD_RunTestMode  usbd_core.o
    0x0800a06c   0x0000001a   Code   RO        10091    i.USBD_SOF          usbd_core.o
    0x0800a086   0x0000005c   Code   RO        10255    i.USBD_SetAddress   usbd_req.o
    0x0800a0e2   0x0000001e   Code   RO        10092    i.USBD_SetCfg       usbd_core.o
    0x0800a100   0x000000d0   Code   RO        10256    i.USBD_SetConfig    usbd_req.o
    0x0800a1d0   0x000000a4   Code   RO        10257    i.USBD_SetFeature   usbd_req.o
    0x0800a274   0x00000054   Code   RO        10093    i.USBD_SetupStage   usbd_core.o
    0x0800a2c8   0x00000072   Code   RO        10258    i.USBD_StdDevReq    usbd_req.o
    0x0800a33a   0x00000002   PAD
    0x0800a33c   0x0000015c   Code   RO        10259    i.USBD_StdEPReq     usbd_req.o
    0x0800a498   0x0000004c   Code   RO        10260    i.USBD_StdItfReq    usbd_req.o
    0x0800a4e4   0x00000020   Code   RO        10094    i.USBD_Suspend      usbd_core.o
    0x0800a504   0x00000034   Code   RO         2729    i.USBD_USR_ConfigStrDescriptor  usbd_desc.o
    0x0800a538   0x00000002   Code   RO         2870    i.USBD_USR_DeviceConfigured  usbd_usr.o
    0x0800a53a   0x00000002   Code   RO         2871    i.USBD_USR_DeviceConnected  usbd_usr.o
    0x0800a53c   0x00000010   Code   RO         2730    i.USBD_USR_DeviceDescriptor  usbd_desc.o
    0x0800a54c   0x00000002   Code   RO         2872    i.USBD_USR_DeviceDisconnected  usbd_usr.o
    0x0800a54e   0x00000012   Code   RO         2873    i.USBD_USR_DeviceReset  usbd_usr.o
    0x0800a560   0x00000002   Code   RO         2874    i.USBD_USR_DeviceResumed  usbd_usr.o
    0x0800a562   0x00000002   Code   RO         2875    i.USBD_USR_DeviceSuspended  usbd_usr.o
    0x0800a564   0x00000002   Code   RO         2876    i.USBD_USR_Init     usbd_usr.o
    0x0800a566   0x00000002   PAD
    0x0800a568   0x00000038   Code   RO         2731    i.USBD_USR_InterfaceStrDescriptor  usbd_desc.o
    0x0800a5a0   0x00000010   Code   RO         2732    i.USBD_USR_LangIDStrDescriptor  usbd_desc.o
    0x0800a5b0   0x0000002c   Code   RO         2733    i.USBD_USR_ManufacturerStrDescriptor  usbd_desc.o
    0x0800a5dc   0x00000058   Code   RO         2734    i.USBD_USR_ProductStrDescriptor  usbd_desc.o
    0x0800a634   0x00000048   Code   RO         2735    i.USBD_USR_SerialStrDescriptor  usbd_desc.o
    0x0800a67c   0x0000002c   Code   RO         2654    i.USB_OTG_BSP_EnableInterrupt  usb_bsp.o
    0x0800a6a8   0x0000005c   Code   RO         2655    i.USB_OTG_BSP_Init  usb_bsp.o
    0x0800a704   0x00000012   Code   RO         2656    i.USB_OTG_BSP_mDelay  usb_bsp.o
    0x0800a716   0x00000016   Code   RO         2657    i.USB_OTG_BSP_uDelay  usb_bsp.o
    0x0800a72c   0x0000011a   Code   RO        10642    i.USB_OTG_CoreInit  usb_core.o
    0x0800a846   0x0000020a   Code   RO        10643    i.USB_OTG_CoreInitDev  usb_core.o
    0x0800aa50   0x00000070   Code   RO        10644    i.USB_OTG_CoreReset  usb_core.o
    0x0800aac0   0x00000022   Code   RO        10645    i.USB_OTG_DisableGlobalInt  usb_core.o
    0x0800aae2   0x0000006a   Code   RO        10646    i.USB_OTG_EP0Activate  usb_core.o
    0x0800ab4c   0x00000156   Code   RO        10647    i.USB_OTG_EP0StartXfer  usb_core.o
    0x0800aca2   0x00000062   Code   RO        10648    i.USB_OTG_EP0_OutStart  usb_core.o
    0x0800ad04   0x00000098   Code   RO        10649    i.USB_OTG_EPActivate  usb_core.o
    0x0800ad9c   0x00000050   Code   RO        10650    i.USB_OTG_EPClearStall  usb_core.o
    0x0800adec   0x0000005e   Code   RO        10651    i.USB_OTG_EPDeactivate  usb_core.o
    0x0800ae4a   0x00000064   Code   RO        10652    i.USB_OTG_EPSetStall  usb_core.o
    0x0800aeae   0x000001f6   Code   RO        10653    i.USB_OTG_EPStartXfer  usb_core.o
    0x0800b0a4   0x00000034   Code   RO        10654    i.USB_OTG_EnableCommonInt  usb_core.o
    0x0800b0d8   0x000000b0   Code   RO        10655    i.USB_OTG_EnableDevInt  usb_core.o
    0x0800b188   0x00000022   Code   RO        10656    i.USB_OTG_EnableGlobalInt  usb_core.o
    0x0800b1aa   0x00000002   PAD
    0x0800b1ac   0x0000004c   Code   RO        10657    i.USB_OTG_FlushRxFifo  usb_core.o
    0x0800b1f8   0x00000054   Code   RO        10658    i.USB_OTG_FlushTxFifo  usb_core.o
    0x0800b24c   0x00000034   Code   RO        10659    i.USB_OTG_GetDeviceSpeed  usb_core.o
    0x0800b280   0x0000000c   Code   RO        10661    i.USB_OTG_GetMode   usb_core.o
    0x0800b28c   0x00000018   Code   RO        10662    i.USB_OTG_InitDevSpeed  usb_core.o
    0x0800b2a4   0x00000016   Code   RO        10663    i.USB_OTG_IsDeviceMode  usb_core.o
    0x0800b2ba   0x00000010   Code   RO        10665    i.USB_OTG_ReadCoreItr  usb_core.o
    0x0800b2ca   0x00000010   Code   RO        10666    i.USB_OTG_ReadDevAllInEPItr  usb_core.o
    0x0800b2da   0x00000010   Code   RO        10667    i.USB_OTG_ReadDevAllOutEp_itr  usb_core.o
    0x0800b2ea   0x00000014   Code   RO        10668    i.USB_OTG_ReadDevOutEP_itr  usb_core.o
    0x0800b2fe   0x00000028   Code   RO        10670    i.USB_OTG_ReadPacket  usb_core.o
    0x0800b326   0x00000002   PAD
    0x0800b328   0x000000d0   Code   RO        10671    i.USB_OTG_SelectCore  usb_core.o
    0x0800b3f8   0x0000004e   Code   RO        10672    i.USB_OTG_SetCurrentMode  usb_core.o
    0x0800b446   0x00000040   Code   RO        10676    i.USB_OTG_WritePacket  usb_core.o
    0x0800b486   0x00000004   Code   RO          479    i.UsageFault_Handler  stm32f4xx_it.o
    0x0800b48a   0x00000002   PAD
    0x0800b48c   0x00000008   Code   RO        11946    i.__aeabi_errno_addr  mc_w.l(errno.o)
    0x0800b494   0x00000004   PAD
    0x0800b498   0x000003c4   Code   RO        11854    i.__hardfp_log      m_wm.l(log.o)
    0x0800b85c   0x000000f8   Code   RO        11923    i.__kernel_poly     m_wm.l(poly.o)
    0x0800b954   0x00000004   PAD
    0x0800b958   0x00000030   Code   RO        11909    i.__mathlib_dbl_divzero  m_wm.l(dunder.o)
    0x0800b988   0x00000014   Code   RO        11910    i.__mathlib_dbl_infnan  m_wm.l(dunder.o)
    0x0800b99c   0x00000004   PAD
    0x0800b9a0   0x00000020   Code   RO        11912    i.__mathlib_dbl_invalid  m_wm.l(dunder.o)
    0x0800b9c0   0x0000004c   Code   RO         8117    i.__rt_ffs          kservice.o
    0x0800ba0c   0x0000000e   Code   RO        11998    i.__scatterload_copy  mc_w.l(handlers.o)
    0x0800ba1a   0x00000002   Code   RO        11999    i.__scatterload_null  mc_w.l(handlers.o)
    0x0800ba1c   0x0000000e   Code   RO        12000    i.__scatterload_zeroinit  mc_w.l(handlers.o)
    0x0800ba2a   0x00000002   PAD
    0x0800ba2c   0x0000000c   Code   RO        11948    i.__set_errno       mc_w.l(errno.o)
    0x0800ba38   0x00000014   Code   RO         7777    i._has_defunct_thread  idle.o
    0x0800ba4c   0x000000c4   Code   RO         8927    i._list_device      cmd.o
    0x0800bb10   0x000000d8   Code   RO         8928    i._list_event       cmd.o
    0x0800bbe8   0x000000f4   Code   RO         8929    i._list_mailbox     cmd.o
    0x0800bcdc   0x000000f8   Code   RO         8930    i._list_mempool     cmd.o
    0x0800bdd4   0x000000d8   Code   RO         8931    i._list_msgqueue    cmd.o
    0x0800beac   0x000000ac   Code   RO         8932    i._list_mutex       cmd.o
    0x0800bf58   0x000000d4   Code   RO         8933    i._list_sem         cmd.o
    0x0800c02c   0x00000118   Code   RO         8934    i._list_thread      cmd.o
    0x0800c144   0x000000f8   Code   RO         8935    i._list_timer       cmd.o
    0x0800c23c   0x000000f0   Code   RO         8562    i._rt_scheduler_stack_check  scheduler.o
    0x0800c32c   0x000000ec   Code   RO         8647    i._rt_thread_init   thread.o
    0x0800c418   0x00000042   Code   RO         8762    i._rt_timer_init    timer.o
    0x0800c45a   0x0000002e   Code   RO         8763    i._rt_timer_remove  timer.o
    0x0800c488   0x000000f4   Code   RO         2483    i._serial_dma_rx    serial.o
    0x0800c57c   0x0000005c   Code   RO         2484    i._serial_dma_tx    serial.o
    0x0800c5d8   0x000000ec   Code   RO         2485    i._serial_int_rx    serial.o
    0x0800c6c4   0x000000c0   Code   RO         2486    i._serial_int_tx    serial.o
    0x0800c784   0x00000088   Code   RO         2487    i._serial_poll_rx   serial.o
    0x0800c80c   0x00000064   Code   RO         2488    i._serial_poll_tx   serial.o
    0x0800c870   0x00000070   Code   RO          432    i.assert_failed     startup.o
    0x0800c8e0   0x0000002c   Code   RO          524    i.audio_leave_record_mode  audio.o
    0x0800c90c   0x000001a8   Code   RO          528    i.audio_set_record_mode  audio.o
    0x0800cab4   0x000000c0   Code   RO          998    i.audio_start_recording  thread_audio.o
    0x0800cb74   0x000000bc   Code   RO          999    i.audio_stop_recording  thread_audio.o
    0x0800cc30   0x00000084   Code   RO         1179    i.battery_adc_init  battery.o
    0x0800ccb4   0x0000011c   Code   RO         2191    i.bh1750_check_device  bh1750.o
    0x0800cdd0   0x000000a4   Code   RO         2192    i.bh1750_get_lx     bh1750.o
    0x0800ce74   0x000000a8   Code   RO         2193    i.bh1750_init       bh1750.o
    0x0800cf1c   0x000001a0   Code   RO         2194    i.bh1750_ioctl      bh1750.o
    0x0800d0bc   0x000000fc   Code   RO         2195    i.bh1750_read_data  bh1750.o
    0x0800d1b8   0x000000a4   Code   RO         2196    i.bh1750_register   bh1750.o
    0x0800d25c   0x000000f0   Code   RO         2197    i.bh1750_write_cmd  bh1750.o
    0x0800d34c   0x000000d8   Code   RO         2257    i.bmp180_check_device  bmp180.o
    0x0800d424   0x0000010c   Code   RO         2258    i.bmp180_get_cal_param  bmp180.o
    0x0800d530   0x000000dc   Code   RO         2259    i.bmp180_get_up     bmp180.o
    0x0800d60c   0x000000d8   Code   RO         2260    i.bmp180_get_ut     bmp180.o
    0x0800d6e4   0x000001d8   Code   RO         2261    i.bmp180_read_data  bmp180.o
    0x0800d8bc   0x00000150   Code   RO         2262    i.bmp180_read_reg   bmp180.o
    0x0800da0c   0x00000090   Code   RO         2263    i.bmp180_register   bmp180.o
    0x0800da9c   0x00000104   Code   RO         2264    i.bmp180_write_reg  bmp180.o
    0x0800dba0   0x00000090   Code   RO        11127    i.check_fs          ff.o
    0x0800dc30   0x00000024   Code   RO         1118    i.check_need_change  thread_dsp.o
    0x0800dc54   0x00000014   Code   RO        11128    i.chk_chr           ff.o
    0x0800dc68   0x0000008c   Code   RO        11129    i.chk_lock          ff.o
    0x0800dcf4   0x000003a4   Code   RO        11130    i.chk_mounted       ff.o
    0x0800e098   0x00000030   Code   RO        11131    i.clear_lock        ff.o
    0x0800e0c8   0x00000084   Code   RO          285    i.close             easy_rtthread.o
    0x0800e14c   0x0000001a   Code   RO        11132    i.clust2sect        ff.o
    0x0800e166   0x00000002   PAD
    0x0800e168   0x00000090   Code   RO        11133    i.cmp_lfn           ff.o
    0x0800e1f8   0x000000a4   Code   RO         1460    i.cpu_usage_get     cpuusage.o
    0x0800e29c   0x000000c4   Code   RO         1461    i.cpu_usage_idle_hook  cpuusage.o
    0x0800e360   0x00000010   Code   RO         1462    i.cpu_usage_init    cpuusage.o
    0x0800e370   0x000000ca   Code   RO        11134    i.create_chain      ff.o
    0x0800e43a   0x00000002   PAD
    0x0800e43c   0x00000270   Code   RO        11135    i.create_name       ff.o
    0x0800e6ac   0x0000004c   Code   RO        11136    i.dec_lock          ff.o
    0x0800e6f8   0x00000056   Code   RO        11137    i.dir_alloc         ff.o
    0x0800e74e   0x000000de   Code   RO        11138    i.dir_find          ff.o
    0x0800e82c   0x00000114   Code   RO        11139    i.dir_next          ff.o
    0x0800e940   0x000000c4   Code   RO        11140    i.dir_read          ff.o
    0x0800ea04   0x00000136   Code   RO        11141    i.dir_register      ff.o
    0x0800eb3a   0x00000060   Code   RO        11142    i.dir_remove        ff.o
    0x0800eb9a   0x0000009c   Code   RO        11143    i.dir_sdi           ff.o
    0x0800ec36   0x00000020   Code   RO        11068    i.disk_initialize   diskio.o
    0x0800ec56   0x00000012   Code   RO        11069    i.disk_ioctl        diskio.o
    0x0800ec68   0x00000060   Code   RO        11070    i.disk_read         diskio.o
    0x0800ecc8   0x00000018   Code   RO        11071    i.disk_status       diskio.o
    0x0800ece0   0x00000078   Code   RO        11072    i.disk_write        diskio.o
    0x0800ed58   0x00000058   Code   RO          694    i.display_battery   thread_oled.o
    0x0800edb0   0x00000038   Code   RO          696    i.display_bmp180    thread_oled.o
    0x0800ede8   0x00000188   Code   RO          697    i.display_mpu6050   thread_oled.o
    0x0800ef70   0x00000068   Code   RO          698    i.display_rtc       thread_oled.o
    0x0800efd8   0x0000008c   Code   RO          699    i.display_si7021    thread_oled.o
    0x0800f064   0x00000034   Code   RO          890    i.do_audio_event_0  thread_file.o
    0x0800f098   0x00000034   Code   RO          891    i.do_audio_event_1  thread_file.o
    0x0800f0cc   0x000000d8   Code   RO          892    i.do_audio_start    thread_file.o
    0x0800f1a4   0x00000140   Code   RO          893    i.do_audio_stop     thread_file.o
    0x0800f2e4   0x00000028   Code   RO          894    i.do_dsp_read_event  thread_file.o
    0x0800f30c   0x00000300   Code   RO          895    i.do_dsp_start      thread_file.o
    0x0800f60c   0x00000154   Code   RO          896    i.do_dsp_stop       thread_file.o
    0x0800f760   0x00000030   Code   RO          897    i.do_dsp_write_event  thread_file.o
    0x0800f790   0x000000d4   Code   RO          898    i.do_mpu_event      thread_file.o
    0x0800f864   0x000000b8   Code   RO          899    i.do_mpu_start      thread_file.o
    0x0800f91c   0x00000164   Code   RO          900    i.do_mpu_stop       thread_file.o
    0x0800fa80   0x00000044   Code   RO          901    i.do_sensors_event  thread_file.o
    0x0800fac4   0x000000bc   Code   RO          902    i.do_sensors_start  thread_file.o
    0x0800fb80   0x00000134   Code   RO          903    i.do_sensors_stop   thread_file.o
    0x0800fcb4   0x00000028   Code   RO        11144    i.enq_lock          ff.o
    0x0800fcdc   0x00000084   Code   RO          286    i.event_create      easy_rtthread.o
    0x0800fd60   0x00000094   Code   RO          288    i.event_recv        easy_rtthread.o
    0x0800fdf4   0x000000a0   Code   RO          289    i.event_recv_timeout  easy_rtthread.o
    0x0800fe94   0x0000008c   Code   RO          290    i.event_send        easy_rtthread.o
    0x0800ff20   0x00000020   Code   RO        11146    i.f_close           ff.o
    0x0800ff40   0x000001ae   Code   RO        11149    i.f_lseek           ff.o
    0x080100ee   0x00000002   PAD
    0x080100f0   0x00000034   Code   RO        11151    i.f_mount           ff.o
    0x08010124   0x000001a0   Code   RO        11152    i.f_open            ff.o
    0x080102c4   0x000001ca   Code   RO        11157    i.f_read            ff.o
    0x0801048e   0x00000128   Code   RO        11159    i.f_rename          ff.o
    0x080105b6   0x000000b0   Code   RO        11161    i.f_sync            ff.o
    0x08010666   0x000000be   Code   RO        11163    i.f_unlink          ff.o
    0x08010724   0x0000020c   Code   RO        11165    i.f_write           ff.o
    0x08010930   0x00000134   Code   RO         1119    i.feature_computing  thread_dsp.o
    0x08010a64   0x00000014   Code   RO         1120    i.feature_continue_computing  thread_dsp.o
    0x08010a78   0x000001b8   Code   RO         1121    i.feature_init_computing  thread_dsp.o
    0x08010c30   0x000000d8   Code   RO         1122    i.feature_start_computing  thread_dsp.o
    0x08010d08   0x0000022c   Code   RO         1123    i.feature_stop_computing  thread_dsp.o
    0x08010f34   0x0000007c   Code   RO        11461    i.ff_convert        cc936.o
    0x08010fb0   0x00000038   Code   RO        11462    i.ff_wtoupper       cc936.o
    0x08010fe8   0x000000ac   Code   RO          291    i.file_read         easy_rtthread.o
    0x08011094   0x0000003e   Code   RO         9173    i.finsh_block_insert  finsh_heap.o
    0x080110d2   0x0000007c   Code   RO         9174    i.finsh_block_merge  finsh_heap.o
    0x0801114e   0x0000002e   Code   RO         9175    i.finsh_block_remove  finsh_heap.o
    0x0801117c   0x00000018   Code   RO         9176    i.finsh_block_split  finsh_heap.o
    0x08011194   0x00001654   Code   RO         9092    i.finsh_compile     finsh_compiler.o
    0x080127e8   0x00000068   Code   RO         9093    i.finsh_compiler_run  finsh_compiler.o
    0x08012850   0x0000000c   Code   RO         9139    i.finsh_errno       finsh_error.o
    0x0801285c   0x0000000c   Code   RO         9140    i.finsh_error_init  finsh_error.o
    0x08012868   0x00000010   Code   RO         9141    i.finsh_error_set   finsh_error.o
    0x08012878   0x00000010   Code   RO         9142    i.finsh_error_string  finsh_error.o
    0x08012888   0x00000016   Code   RO         9226    i.finsh_flush       finsh_init.o
    0x0801289e   0x00000002   PAD
    0x080128a0   0x00000074   Code   RO         9177    i.finsh_heap_allocate  finsh_heap.o
    0x08012914   0x0000002c   Code   RO         9178    i.finsh_heap_free   finsh_heap.o
    0x08012940   0x00000058   Code   RO         9179    i.finsh_heap_gc     finsh_heap.o
    0x08012998   0x00000030   Code   RO         9180    i.finsh_heap_init   finsh_heap.o
    0x080129c8   0x0000001e   Code   RO         9227    i.finsh_init        finsh_init.o
    0x080129e6   0x00000002   PAD
    0x080129e8   0x0000003c   Code   RO         9262    i.finsh_node_allocate  finsh_node.o
    0x08012a24   0x00000014   Code   RO         9263    i.finsh_node_init   finsh_node.o
    0x08012a38   0x0000001e   Code   RO         9264    i.finsh_node_new_char  finsh_node.o
    0x08012a56   0x00000076   Code   RO         9265    i.finsh_node_new_id  finsh_node.o
    0x08012acc   0x0000001e   Code   RO         9266    i.finsh_node_new_int  finsh_node.o
    0x08012aea   0x0000001e   Code   RO         9267    i.finsh_node_new_long  finsh_node.o
    0x08012b08   0x0000001e   Code   RO         9268    i.finsh_node_new_ptr  finsh_node.o
    0x08012b26   0x0000004a   Code   RO         9269    i.finsh_node_new_string  finsh_node.o
    0x08012b70   0x00000010   Code   RO         9619    i.finsh_parser_init  finsh_parser.o
    0x08012b80   0x000000dc   Code   RO         9620    i.finsh_parser_run  finsh_parser.o
    0x08012c5c   0x000000c4   Code   RO         9925    i.finsh_run_line    shell.o
    0x08012d20   0x00000070   Code   RO         9926    i.finsh_rx_ind      shell.o
    0x08012d90   0x000000f0   Code   RO         9927    i.finsh_set_device  shell.o
    0x08012e80   0x0000000c   Code   RO         9229    i.finsh_stack_bottom  finsh_init.o
    0x08012e8c   0x0000005c   Code   RO         9867    i.finsh_syscall_lookup  finsh_vm.o
    0x08012ee8   0x00000014   Code   RO         9929    i.finsh_system_function_init  shell.o
    0x08012efc   0x000000c0   Code   RO         9930    i.finsh_system_init  shell.o
    0x08012fbc   0x00000014   Code   RO         9931    i.finsh_system_var_init  shell.o
    0x08012fd0   0x0000005c   Code   RO         9814    i.finsh_sysvar_lookup  finsh_var.o
    0x0801302c   0x000005f8   Code   RO         9932    i.finsh_thread_entry  shell.o
    0x08013624   0x00000014   Code   RO         9731    i.finsh_token_init  finsh_token.o
    0x08013638   0x00000018   Code   RO         9732    i.finsh_token_token  finsh_token.o
    0x08013650   0x0000015e   Code   RO         9094    i.finsh_type_check  finsh_compiler.o
    0x080137ae   0x00000002   PAD
    0x080137b0   0x00000014   Code   RO         9816    i.finsh_var_init    finsh_var.o
    0x080137c4   0x00000078   Code   RO         9817    i.finsh_var_insert  finsh_var.o
    0x0801383c   0x00000040   Code   RO         9818    i.finsh_var_lookup  finsh_var.o
    0x0801387c   0x00000054   Code   RO         9868    i.finsh_vm_run      finsh_vm.o
    0x080138d0   0x00000080   Code   RO        11166    i.fit_lfn           ff.o
    0x08013950   0x00000092   Code   RO        11167    i.follow_path       ff.o
    0x080139e2   0x00000002   PAD
    0x080139e4   0x000001fc   Code   RO          904    i.format_name       thread_file.o
    0x08013be0   0x000000be   Code   RO        11168    i.gen_numname       ff.o
    0x08013c9e   0x00000002   PAD
    0x08013ca0   0x00000030   Code   RO         1180    i.get_battery_adc_val  battery.o
    0x08013cd0   0x0000005c   Code   RO        11532    i.get_energy_window  feature.o
    0x08013d2c   0x00000184   Code   RO        11533    i.get_entropy_brightness_window  feature.o
    0x08013eb0   0x000000e4   Code   RO        11169    i.get_fat           ff.o
    0x08013f94   0x0000003a   Code   RO        11073    i.get_fattime       diskio.o
    0x08013fce   0x00000002   PAD
    0x08013fd0   0x000001c4   Code   RO        11534    i.get_formant_window  feature.o
    0x08014194   0x00000040   Code   RO        11535    i.get_hamming_window  feature.o
    0x080141d4   0x00000040   Code   RO        11536    i.get_hanning_window  feature.o
    0x08014214   0x00000046   Code   RO         3002    i.get_rtc_info      rtc.o
    0x0801425a   0x00000002   PAD
    0x0801425c   0x000001d0   Code   RO        11494    i.hamming           window.o
    0x0801442c   0x000001c8   Code   RO        11495    i.hanning           window.o
    0x080145f4   0x00000020   Code   RO         8936    i.hello             cmd.o
    0x08014614   0x0000019c   Code   RO         1609    i.i2c_bus_register  i2c.o
    0x080147b0   0x0000000e   Code   RO         1610    i.i2c_delay         i2c.o
    0x080147be   0x00000002   PAD
    0x080147c0   0x0000009c   Code   RO         1611    i.i2c_recv_byte     i2c.o
    0x0801485c   0x000000f8   Code   RO         1612    i.i2c_recv_nbytes   i2c.o
    0x08014954   0x00000078   Code   RO         1613    i.i2c_send_ack      i2c.o
    0x080149cc   0x000000a4   Code   RO         1614    i.i2c_send_byte     i2c.o
    0x08014a70   0x00000074   Code   RO         1615    i.i2c_send_nack     i2c.o
    0x08014ae4   0x000000f8   Code   RO         1616    i.i2c_send_nbytes   i2c.o
    0x08014bdc   0x000000f8   Code   RO         1617    i.i2c_start         i2c.o
    0x08014cd4   0x0000006c   Code   RO         1618    i.i2c_stop          i2c.o
    0x08014d40   0x00000100   Code   RO         1619    i.i2c_wait_ack      i2c.o
    0x08014e40   0x0000001e   Code   RO         1693    i.i2s_clock_init    i2s.o
    0x08014e5e   0x00000002   PAD
    0x08014e60   0x00000010   Code   RO         1491    i.i2s_dma_rx_start  dma.o
    0x08014e70   0x00000010   Code   RO         1492    i.i2s_dma_rx_stop   dma.o
    0x08014e80   0x000000b4   Code   RO         1493    i.i2s_dma_set_rx_mode  dma.o
    0x08014f34   0x000000a4   Code   RO         1494    i.i2s_dma_set_tx_mode  dma.o
    0x08014fd8   0x00000090   Code   RO         1694    i.i2s_gpio_config   i2s.o
    0x08015068   0x00000040   Code   RO         1695    i.i2s_set_rx_mode   i2s.o
    0x080150a8   0x0000011c   Code   RO         1696    i.i2s_set_sample_rate  i2s.o
    0x080151c4   0x00000048   Code   RO         1697    i.i2s_set_tx_mode   i2s.o
    0x0801520c   0x000000dc   Code   RO        11171    i.inc_lock          ff.o
    0x080152e8   0x00000060   Code   RO         1263    i.is_key_down       key.o
    0x08015348   0x000000d8   Code   RO         1264    i.key_register      key.o
    0x08015420   0x0000020c   Code   RO         1266    i.keys_scan         key.o
    0x0801562c   0x00000020   Code   RO        11172    i.ld_clust          ff.o
    0x0801564c   0x00000048   Code   RO         3056    i.leave_stop_mode   lowpower.o
    0x08015694   0x00000030   Code   RO          814    i.led_display       thread_battery.o
    0x080156c4   0x00000058   Code   RO         1742    i.led_off           led.o
    0x0801571c   0x00000058   Code   RO         1743    i.led_on            led.o
    0x08015774   0x000000ec   Code   RO         1744    i.led_register      led.o
    0x08015860   0x00000060   Code   RO         1745    i.led_toggle        led.o
    0x080158c0   0x000000dc   Code   RO         8937    i.list              cmd.o
    0x0801599c   0x00000010   Code   RO         8938    i.list_device       cmd.o
    0x080159ac   0x00000010   Code   RO         8939    i.list_event        cmd.o
    0x080159bc   0x00000010   Code   RO         8940    i.list_mailbox      cmd.o
    0x080159cc   0x00000078   Code   RO         8294    i.list_mem          mem.o
    0x08015a44   0x00000010   Code   RO         8941    i.list_mempool      cmd.o
    0x08015a54   0x00000010   Code   RO         8942    i.list_msgqueue     cmd.o
    0x08015a64   0x00000010   Code   RO         8943    i.list_mutex        cmd.o
    0x08015a74   0x00000210   Code   RO         8944    i.list_prefix       cmd.o
    0x08015c84   0x00000010   Code   RO         8945    i.list_sem          cmd.o
    0x08015c94   0x00000010   Code   RO         8946    i.list_thread       cmd.o
    0x08015ca4   0x00000010   Code   RO         8947    i.list_timer        cmd.o
    0x08015cb4   0x000000a0   Code   RO          292    i.lseek             easy_rtthread.o
    0x08015d54   0x0000000e   Code   RO          433    i.main              startup.o
    0x08015d62   0x00000028   Code   RO         9621    i.make_sys_node     finsh_parser.o
    0x08015d8a   0x00000026   Code   RO        11173    i.mem_cmp           ff.o
    0x08015db0   0x0000001a   Code   RO        11174    i.mem_cpy           ff.o
    0x08015dca   0x00000014   Code   RO        11175    i.mem_set           ff.o
    0x08015dde   0x00000002   PAD
    0x08015de0   0x00000070   Code   RO          293    i.mount             easy_rtthread.o
    0x08015e50   0x00000032   Code   RO        11176    i.move_window       ff.o
    0x08015e82   0x00000002   PAD
    0x08015e84   0x00000124   Code   RO         2323    i.mpu6050_check_device  mpu6050.o
    0x08015fa8   0x00000438   Code   RO         2324    i.mpu6050_init      mpu6050.o
    0x080163e0   0x00000244   Code   RO         2325    i.mpu6050_ioctl     mpu6050.o
    0x08016624   0x0000014c   Code   RO         2326    i.mpu6050_read_data  mpu6050.o
    0x08016770   0x000000f0   Code   RO         2328    i.mpu6050_read_raw_data  mpu6050.o
    0x08016860   0x0000011c   Code   RO         2329    i.mpu6050_read_reg  mpu6050.o
    0x0801697c   0x000000a8   Code   RO         2330    i.mpu6050_register  mpu6050.o
    0x08016a24   0x00000164   Code   RO         2331    i.mpu6050_set_acce_fsr  mpu6050.o
    0x08016b88   0x00000164   Code   RO         2332    i.mpu6050_set_gyro_fsr  mpu6050.o
    0x08016cec   0x00000178   Code   RO         2333    i.mpu6050_set_lpf   mpu6050.o
    0x08016e64   0x00000168   Code   RO         2334    i.mpu6050_set_sample_rate  mpu6050.o
    0x08016fcc   0x00000108   Code   RO         2335    i.mpu6050_write_reg  mpu6050.o
    0x080170d4   0x000000d4   Code   RO          770    i.mpu_recording     thread_mpu6050.o
    0x080171a8   0x000000dc   Code   RO          771    i.mpu_start_recording  thread_mpu6050.o
    0x08017284   0x000000c4   Code   RO          772    i.mpu_stop_recording  thread_mpu6050.o
    0x08017348   0x00000088   Code   RO          294    i.mutex_create      easy_rtthread.o
    0x080173d0   0x0000008c   Code   RO          297    i.mutex_lock        easy_rtthread.o
    0x0801745c   0x00000088   Code   RO          298    i.mutex_unlock      easy_rtthread.o
    0x080174e4   0x00000016   Code   RO         1785    i.o_pow             oled.o
    0x080174fa   0x00000002   PAD
    0x080174fc   0x0000004c   Code   RO         1786    i.oled_clear_screen  oled.o
    0x08017548   0x000000d8   Code   RO         1787    i.oled_display_char  oled.o
    0x08017620   0x00000092   Code   RO         1788    i.oled_display_number  oled.o
    0x080176b2   0x00000060   Code   RO         1789    i.oled_display_string  oled.o
    0x08017712   0x00000064   Code   RO         1790    i.oled_draw_bitmap  oled.o
    0x08017776   0x000000e4   Code   RO         1791    i.oled_draw_line    oled.o
    0x0801785a   0x00000002   PAD
    0x0801785c   0x000000a4   Code   RO         1792    i.oled_draw_point   oled.o
    0x08017900   0x00000138   Code   RO         1793    i.oled_init         oled.o
    0x08017a38   0x00000050   Code   RO         1794    i.oled_refresh_gram  oled.o
    0x08017a88   0x00000018   Code   RO         1795    i.oled_set_contrast  oled.o
    0x08017aa0   0x0000002c   Code   RO         1796    i.oled_set_dir      oled.o
    0x08017acc   0x0000001e   Code   RO         1797    i.oled_turn_off     oled.o
    0x08017aea   0x0000001e   Code   RO         1798    i.oled_turn_on      oled.o
    0x08017b08   0x00000064   Code   RO         1799    i.oled_write_byte   oled.o
    0x08017b6c   0x000000b4   Code   RO          299    i.open              easy_rtthread.o
    0x08017c20   0x00000074   Code   RO        11177    i.pick_lfn          ff.o
    0x08017c94   0x00000054   Code   RO         1561    i.pin_clr           pin.o
    0x08017ce8   0x00000054   Code   RO         1562    i.pin_get           pin.o
    0x08017d3c   0x00000032   Code   RO         1563    i.pin_init          pin.o
    0x08017d6e   0x00000002   PAD
    0x08017d70   0x000000ec   Code   RO         1564    i.pin_register      pin.o
    0x08017e5c   0x00000054   Code   RO         1565    i.pin_set           pin.o
    0x08017eb0   0x00000164   Code   RO         8295    i.plug_holes        mem.o
    0x08018014   0x0000007c   Code   RO        11537    i.pre_filter_window  feature.o
    0x08018090   0x0000018c   Code   RO         8119    i.print_number      kservice.o
    0x0801821c   0x00000072   Code   RO         9622    i.proc_additive_expr  finsh_parser.o
    0x0801828e   0x0000004c   Code   RO         9623    i.proc_and_expr     finsh_parser.o
    0x080182da   0x00000038   Code   RO         9624    i.proc_assign_expr  finsh_parser.o
    0x08018312   0x0000004e   Code   RO         9625    i.proc_cast_expr    finsh_parser.o
    0x08018360   0x0000004c   Code   RO         9626    i.proc_exclusive_or_expr  finsh_parser.o
    0x080183ac   0x0000000c   Code   RO         9627    i.proc_expr         finsh_parser.o
    0x080183b8   0x00000038   Code   RO         9628    i.proc_expr_statement  finsh_parser.o
    0x080183f0   0x0000002c   Code   RO         9629    i.proc_identifier   finsh_parser.o
    0x0801841c   0x0000004c   Code   RO         9630    i.proc_inclusive_or_expr  finsh_parser.o
    0x08018468   0x0000008a   Code   RO         9631    i.proc_multiplicative_expr  finsh_parser.o
    0x080184f2   0x0000004c   Code   RO         9632    i.proc_param_list   finsh_parser.o
    0x0801853e   0x000000a2   Code   RO         9633    i.proc_postfix_expr  finsh_parser.o
    0x080185e0   0x0000009e   Code   RO         9634    i.proc_primary_expr  finsh_parser.o
    0x0801867e   0x00000074   Code   RO         9635    i.proc_shift_expr   finsh_parser.o
    0x080186f2   0x000000fa   Code   RO         9636    i.proc_type         finsh_parser.o
    0x080187ec   0x000000be   Code   RO         9637    i.proc_unary_expr   finsh_parser.o
    0x080188aa   0x000001da   Code   RO         9638    i.proc_variable_decl  finsh_parser.o
    0x08018a84   0x00000136   Code   RO        11178    i.put_fat           ff.o
    0x08018bba   0x00000002   PAD
    0x08018bbc   0x0000003c   Code   RO          534    i.record_audio_i2s_dma_rx_callback  audio.o
    0x08018bf8   0x00000018   Code   RO          535    i.recorder_start    audio.o
    0x08018c10   0x00000018   Code   RO          536    i.recorder_stop     audio.o
    0x08018c28   0x00000068   Code   RO        11179    i.remove_chain      ff.o
    0x08018c90   0x000000a8   Code   RO          300    i.rename            easy_rtthread.o
    0x08018d38   0x00000260   Code   RO            4    i.rt_application_init  application.o
    0x08018f98   0x000001e4   Code   RO          815    i.rt_battery_thread_entry  thread_battery.o
    0x0801917c   0x0000009c   Code   RO         7626    i.rt_completion_done  completion.o
    0x08019218   0x00000078   Code   RO         7627    i.rt_completion_init  completion.o
    0x08019290   0x00000194   Code   RO         7628    i.rt_completion_wait  completion.o
    0x08019424   0x0000000c   Code   RO         8120    i.rt_console_get_device  kservice.o
    0x08019430   0x00000034   Code   RO         8121    i.rt_console_set_device  kservice.o
    0x08019464   0x00000094   Code   RO         7524    i.rt_data_queue_init  dataqueue.o
    0x080194f8   0x000000a8   Code   RO         7525    i.rt_data_queue_peak  dataqueue.o
    0x080195a0   0x00000224   Code   RO         7526    i.rt_data_queue_pop  dataqueue.o
    0x080197c4   0x0000019c   Code   RO         7527    i.rt_data_queue_push  dataqueue.o
    0x08019960   0x0000008c   Code   RO         7697    i.rt_device_close   device.o
    0x080199ec   0x00000050   Code   RO         7699    i.rt_device_find    device.o
    0x08019a3c   0x000000b0   Code   RO         1800    i.rt_device_oled_register  oled.o
    0x08019aec   0x0000012c   Code   RO         7702    i.rt_device_open    device.o
    0x08019c18   0x00000090   Code   RO         7703    i.rt_device_read    device.o
    0x08019ca8   0x00000032   Code   RO         7704    i.rt_device_register  device.o
    0x08019cda   0x00000002   PAD
    0x08019cdc   0x00000060   Code   RO         7705    i.rt_device_set_rx_indicate  device.o
    0x08019d3c   0x00000090   Code   RO         7708    i.rt_device_write   device.o
    0x08019dcc   0x0000009c   Code   RO         1124    i.rt_dsp_thread_entry  thread_dsp.o
    0x08019e68   0x00000020   Code   RO         8564    i.rt_enter_critical  scheduler.o
    0x08019e88   0x000000b0   Code   RO         7820    i.rt_event_create   ipc.o
    0x08019f38   0x00000250   Code   RO         7824    i.rt_event_recv     ipc.o
    0x0801a188   0x00000120   Code   RO         7825    i.rt_event_send     ipc.o
    0x0801a2a8   0x0000003c   Code   RO         8565    i.rt_exit_critical  scheduler.o
    0x0801a2e4   0x0000017c   Code   RO          905    i.rt_file_thread_entry  thread_file.o
    0x0801a460   0x00000210   Code   RO         8297    i.rt_free           mem.o
    0x0801a670   0x00000028   Code   RO         1215    i.rt_hw_board_init  board.o
    0x0801a698   0x00000002   Code   RO         8124    i.rt_hw_console_output  kservice.o
    0x0801a69a   0x00000002   PAD
    0x0801a69c   0x00000110   Code   RO         8891    i.rt_hw_hard_fault_exception  cpuport.o
    0x0801a7ac   0x000001d4   Code   RO         2489    i.rt_hw_serial_isr  serial.o
    0x0801a980   0x000000b0   Code   RO         2490    i.rt_hw_serial_register  serial.o
    0x0801aa30   0x00000050   Code   RO         8892    i.rt_hw_stack_init  cpuport.o
    0x0801aa80   0x00000026   Code   RO         2658    i.rt_hw_us_delay    usb_bsp.o
    0x0801aaa6   0x00000002   PAD
    0x0801aaa8   0x00000024   Code   RO         8090    i.rt_interrupt_enter  irq.o
    0x0801aacc   0x0000000c   Code   RO         8091    i.rt_interrupt_get_nest  irq.o
    0x0801aad8   0x00000024   Code   RO         8092    i.rt_interrupt_leave  irq.o
    0x0801aafc   0x00000018   Code   RO         7826    i.rt_ipc_list_resume  ipc.o
    0x0801ab14   0x0000006c   Code   RO         7828    i.rt_ipc_list_suspend  ipc.o
    0x0801ab80   0x00000010   Code   RO         7829    i.rt_ipc_object_init  ipc.o
    0x0801ab90   0x00000380   Code   RO          659    i.rt_key_thread_entry  thread_key.o
    0x0801af10   0x00000068   Code   RO         8125    i.rt_kprintf        kservice.o
    0x0801af78   0x00000006   Code   RO         7529    i.rt_list_init      dataqueue.o
    0x0801af7e   0x00000006   Code   RO         7830    i.rt_list_init      ipc.o
    0x0801af84   0x00000006   Code   RO         8566    i.rt_list_init      scheduler.o
    0x0801af8a   0x00000006   Code   RO         8764    i.rt_list_init      timer.o
    0x0801af90   0x0000000e   Code   RO         8461    i.rt_list_insert_after  object.o
    0x0801af9e   0x0000000e   Code   RO         8648    i.rt_list_insert_after  thread.o
    0x0801afac   0x0000000e   Code   RO         8765    i.rt_list_insert_after  timer.o
    0x0801afba   0x0000000e   Code   RO         7530    i.rt_list_insert_before  dataqueue.o
    0x0801afc8   0x0000000e   Code   RO         7831    i.rt_list_insert_before  ipc.o
    0x0801afd6   0x00000010   Code   RO         7531    i.rt_list_isempty   dataqueue.o
    0x0801afe6   0x00000010   Code   RO         7629    i.rt_list_isempty   completion.o
    0x0801aff6   0x00000010   Code   RO         7832    i.rt_list_isempty   ipc.o
    0x0801b006   0x00000010   Code   RO         8766    i.rt_list_isempty   timer.o
    0x0801b016   0x00000010   Code   RO         8948    i.rt_list_isempty   cmd.o
    0x0801b026   0x00000014   Code   RO         8949    i.rt_list_len       cmd.o
    0x0801b03a   0x00000012   Code   RO         8462    i.rt_list_remove    object.o
    0x0801b04c   0x00000012   Code   RO         8649    i.rt_list_remove    thread.o
    0x0801b05e   0x00000002   PAD
    0x0801b060   0x00000328   Code   RO         8299    i.rt_malloc         mem.o
    0x0801b388   0x00000026   Code   RO         8127    i.rt_memcmp         kservice.o
    0x0801b3ae   0x0000007c   Code   RO         8128    i.rt_memcpy         kservice.o
    0x0801b42a   0x00000042   Code   RO         8129    i.rt_memmove        kservice.o
    0x0801b46c   0x00000048   Code   RO         8130    i.rt_memset         kservice.o
    0x0801b4b4   0x000000dc   Code   RO          773    i.rt_mpu_thread_entry  thread_mpu6050.o
    0x0801b590   0x000000bc   Code   RO         7850    i.rt_mutex_create   ipc.o
    0x0801b64c   0x000001b8   Code   RO         7854    i.rt_mutex_release  ipc.o
    0x0801b804   0x00000228   Code   RO         7855    i.rt_mutex_take     ipc.o
    0x0801ba2c   0x000000ec   Code   RO         8463    i.rt_object_allocate  object.o
    0x0801bb18   0x000000e0   Code   RO         8465    i.rt_object_delete  object.o
    0x0801bbf8   0x00000088   Code   RO         8466    i.rt_object_detach  object.o
    0x0801bc80   0x00000054   Code   RO         8470    i.rt_object_init    object.o
    0x0801bcd4   0x0000006c   Code   RO         8471    i.rt_object_is_systemobject  object.o
    0x0801bd40   0x0000009c   Code   RO          700    i.rt_oled_thread_entry  thread_oled.o
    0x0801bddc   0x000000a4   Code   RO         8567    i.rt_schedule       scheduler.o
    0x0801be80   0x000000a4   Code   RO         8568    i.rt_schedule_insert_thread  scheduler.o
    0x0801bf24   0x000000b0   Code   RO         8569    i.rt_schedule_remove_thread  scheduler.o
    0x0801bfd4   0x00000074   Code   RO         7860    i.rt_sem_init       ipc.o
    0x0801c048   0x00000054   Code   RO         7861    i.rt_sem_release    ipc.o
    0x0801c09c   0x000001e0   Code   RO         7862    i.rt_sem_take       ipc.o
    0x0801c27c   0x00000120   Code   RO          850    i.rt_sensors_thread_entry  thread_sensors.o
    0x0801c39c   0x000001d0   Code   RO         2491    i.rt_serial_close   serial.o
    0x0801c56c   0x000000a0   Code   RO         2492    i.rt_serial_control  serial.o
    0x0801c60c   0x00000078   Code   RO         2493    i.rt_serial_init    serial.o
    0x0801c684   0x00000250   Code   RO         2494    i.rt_serial_open    serial.o
    0x0801c8d4   0x000000a0   Code   RO         2495    i.rt_serial_read    serial.o
    0x0801c974   0x000000a0   Code   RO         2496    i.rt_serial_write   serial.o
    0x0801ca14   0x00000028   Code   RO         8131    i.rt_set_errno      kservice.o
    0x0801ca3c   0x000000b0   Code   RO         8132    i.rt_show_version   kservice.o
    0x0801caec   0x00000026   Code   RO         8133    i.rt_snprintf       kservice.o
    0x0801cb12   0x00000002   PAD
    0x0801cb14   0x000000a0   Code   RO         8767    i.rt_soft_timer_check  timer.o
    0x0801cbb4   0x00000012   Code   RO         8138    i.rt_strlen         kservice.o
    0x0801cbc6   0x00000028   Code   RO         8139    i.rt_strncmp        kservice.o
    0x0801cbee   0x00000034   Code   RO         8140    i.rt_strncpy        kservice.o
    0x0801cc22   0x00000002   PAD
    0x0801cc24   0x00000184   Code   RO         8303    i.rt_system_heap_init  mem.o
    0x0801cda8   0x00000050   Code   RO         8571    i.rt_system_scheduler_init  scheduler.o
    0x0801cdf8   0x00000030   Code   RO         8572    i.rt_system_scheduler_start  scheduler.o
    0x0801ce28   0x0000001c   Code   RO         8768    i.rt_system_timer_init  timer.o
    0x0801ce44   0x00000054   Code   RO         8769    i.rt_system_timer_thread_init  timer.o
    0x0801ce98   0x000000c8   Code   RO         8650    i.rt_thread_control  thread.o
    0x0801cf60   0x00000050   Code   RO         8651    i.rt_thread_create  thread.o
    0x0801cfb0   0x0000000c   Code   RO         8652    i.rt_thread_delay   thread.o
    0x0801cfbc   0x00000090   Code   RO         8653    i.rt_thread_delete  thread.o
    0x0801d04c   0x00000054   Code   RO         8655    i.rt_thread_exit    thread.o
    0x0801d0a0   0x00000018   Code   RO         7778    i.rt_thread_idle_entry  idle.o
    0x0801d0b8   0x000000fc   Code   RO         7779    i.rt_thread_idle_excute  idle.o
    0x0801d1b4   0x0000003c   Code   RO         7780    i.rt_thread_idle_init  idle.o
    0x0801d1f0   0x0000000c   Code   RO         7781    i.rt_thread_idle_sethook  idle.o
    0x0801d1fc   0x000000c0   Code   RO         8657    i.rt_thread_init    thread.o
    0x0801d2bc   0x00000098   Code   RO         8658    i.rt_thread_resume  thread.o
    0x0801d354   0x0000000c   Code   RO         8659    i.rt_thread_self    thread.o
    0x0801d360   0x0000009c   Code   RO         8660    i.rt_thread_sleep   thread.o
    0x0801d3fc   0x000000cc   Code   RO         8661    i.rt_thread_startup  thread.o
    0x0801d4c8   0x00000098   Code   RO         8662    i.rt_thread_suspend  thread.o
    0x0801d560   0x000000c4   Code   RO         8663    i.rt_thread_timeout  thread.o
    0x0801d624   0x00000044   Code   RO         8770    i.rt_thread_timer_entry  timer.o
    0x0801d668   0x00000060   Code   RO         8664    i.rt_thread_yield   thread.o
    0x0801d6c8   0x0000000c   Code   RO         7661    i.rt_tick_get       clock.o
    0x0801d6d4   0x00000030   Code   RO         7662    i.rt_tick_increase  clock.o
    0x0801d704   0x0000009c   Code   RO         8771    i.rt_timer_check    timer.o
    0x0801d7a0   0x00000098   Code   RO         8772    i.rt_timer_control  timer.o
    0x0801d838   0x00000036   Code   RO         8773    i.rt_timer_create   timer.o
    0x0801d86e   0x00000002   PAD
    0x0801d870   0x00000078   Code   RO         8774    i.rt_timer_delete   timer.o
    0x0801d8e8   0x00000078   Code   RO         8775    i.rt_timer_detach   timer.o
    0x0801d960   0x00000084   Code   RO         8776    i.rt_timer_init     timer.o
    0x0801d9e4   0x0000001c   Code   RO         8777    i.rt_timer_list_next_timeout  timer.o
    0x0801da00   0x000001f0   Code   RO         8779    i.rt_timer_start    timer.o
    0x0801dbf0   0x000000a0   Code   RO         8780    i.rt_timer_stop     timer.o
    0x0801dc90   0x00000328   Code   RO         8142    i.rt_vsnprintf      kservice.o
    0x0801dfb8   0x000000f0   Code   RO         1000    i.rt_wm8978_thread_entry  thread_audio.o
    0x0801e0a8   0x00000050   Code   RO          434    i.rtthread_startup  startup.o
    0x0801e0f8   0x000002b8   Code   RO         1959    i.sdio_err_info     sdio_sd.o
    0x0801e3b0   0x000000a4   Code   RO          851    i.sensors_recording  thread_sensors.o
    0x0801e454   0x000000c0   Code   RO          852    i.sensors_start_recording  thread_sensors.o
    0x0801e514   0x000000c4   Code   RO          853    i.sensors_stop_recording  thread_sensors.o
    0x0801e5d8   0x00000030   Code   RO        10035    i.set_PLL48CLK      system_stm32f4xx.o
    0x0801e608   0x0000003c   Code   RO         3058    i.set_nouse_gpio_an_mode  lowpower.o
    0x0801e644   0x0000002c   Code   RO         9933    i.shell_auto_complete  shell.o
    0x0801e670   0x00000030   Code   RO         9934    i.shell_handle_history  shell.o
    0x0801e6a0   0x000000a2   Code   RO         9935    i.shell_push_history  shell.o
    0x0801e742   0x00000002   PAD
    0x0801e744   0x00000030   Code   RO         8950    i.show_wait_queue   cmd.o
    0x0801e774   0x00000114   Code   RO         2420    i.si7021_check_device  si7021.o
    0x0801e888   0x00000144   Code   RO         2421    i.si7021_get_humidity  si7021.o
    0x0801e9cc   0x00000160   Code   RO         2422    i.si7021_get_temperature  si7021.o
    0x0801eb2c   0x00000110   Code   RO         2423    i.si7021_init       si7021.o
    0x0801ec3c   0x000000f8   Code   RO         2424    i.si7021_read_data  si7021.o
    0x0801ed34   0x0000015c   Code   RO         2425    i.si7021_read_reg   si7021.o
    0x0801ee90   0x0000009c   Code   RO         2426    i.si7021_register   si7021.o
    0x0801ef2c   0x00000104   Code   RO         2427    i.si7021_write_cmd  si7021.o
    0x0801f030   0x00000026   Code   RO         8144    i.skip_atoi         kservice.o
    0x0801f056   0x00000002   PAD
    0x0801f058   0x00000038   Code   RO         1801    i.spi_send_byte     oled.o
    0x0801f090   0x00000010   Code   RO        11180    i.st_clust          ff.o
    0x0801f0a0   0x00000104   Code   RO         2579    i.stm32_configure   usart.o
    0x0801f1a4   0x000000c0   Code   RO         2580    i.stm32_control     usart.o
    0x0801f264   0x00000074   Code   RO         2581    i.stm32_getc        usart.o
    0x0801f2d8   0x00000108   Code   RO         1802    i.stm32_hw_oled_spi_init  oled.o
    0x0801f3e0   0x0000008c   Code   RO         2582    i.stm32_hw_usart_init  usart.o
    0x0801f46c   0x00000074   Code   RO         2583    i.stm32_putc        usart.o
    0x0801f4e0   0x00000020   Code   RO         8951    i.str_common        cmd.o
    0x0801f500   0x00000022   Code   RO         8952    i.str_is_prefix     cmd.o
    0x0801f522   0x00000020   Code   RO        11181    i.sum_sfn           ff.o
    0x0801f542   0x00000002   PAD
    0x0801f544   0x000000a4   Code   RO          301    i.sync              easy_rtthread.o
    0x0801f5e8   0x000000c8   Code   RO        11182    i.sync_fs           ff.o
    0x0801f6b0   0x00000052   Code   RO        11183    i.sync_window       ff.o
    0x0801f702   0x00000002   PAD
    0x0801f704   0x0000007c   Code   RO          302    i.thread_create     easy_rtthread.o
    0x0801f780   0x000000d4   Code   RO          660    i.timeout           thread_key.o
    0x0801f854   0x00000078   Code   RO         9733    i.token_get_string  finsh_token.o
    0x0801f8cc   0x00000034   Code   RO         9734    i.token_match_name  finsh_token.o
    0x0801f900   0x0000003e   Code   RO         9735    i.token_next_char   finsh_token.o
    0x0801f93e   0x00000016   Code   RO         9736    i.token_prev_char   finsh_token.o
    0x0801f954   0x000000a2   Code   RO         9737    i.token_proc_char   finsh_token.o
    0x0801f9f6   0x000000ae   Code   RO         9738    i.token_proc_escape  finsh_token.o
    0x0801faa4   0x00000120   Code   RO         9739    i.token_proc_number  finsh_token.o
    0x0801fbc4   0x00000050   Code   RO         9740    i.token_proc_string  finsh_token.o
    0x0801fc14   0x0000019e   Code   RO         9741    i.token_run         finsh_token.o
    0x0801fdb2   0x00000098   Code   RO         9742    i.token_spec_number  finsh_token.o
    0x0801fe4a   0x00000022   Code   RO         9743    i.token_trim_space  finsh_token.o
    0x0801fe6c   0x00000010   Code   RO         2877    i.usbd_CloseMassStorage  usbd_usr.o
    0x0801fe7c   0x00000024   Code   RO         2878    i.usbd_OpenMassStorage  usbd_usr.o
    0x0801fea0   0x00000036   Code   RO        11184    i.validate          ff.o
    0x0801fed6   0x0000000a   Code   RO         8953    i.version           cmd.o
    0x0801fee0   0x00000008   Code   RO         3103    i.watchdog_feed     watchdog.o
    0x0801fee8   0x0000009c   Code   RO         2955    i.wavhead_encode    wav.o
    0x0801ff84   0x00000028   Code   RO         2957    i.wavhead_write_data_size  wav.o
    0x0801ffac   0x0000012c   Code   RO         1318    i.wm8978_check_device  wm8978.o
    0x080200d8   0x00000120   Code   RO         1319    i.wm8978_init       wm8978.o
    0x080201f8   0x00000190   Code   RO         1320    i.wm8978_ioctl      wm8978.o
    0x08020388   0x00000080   Code   RO         1321    i.wm8978_read_reg   wm8978.o
    0x08020408   0x0000008c   Code   RO         1322    i.wm8978_register   wm8978.o
    0x08020494   0x0000008c   Code   RO         1323    i.wm8978_set_3d     wm8978.o
    0x08020520   0x0000010c   Code   RO         1324    i.wm8978_set_adc    wm8978.o
    0x0802062c   0x000000f8   Code   RO         1325    i.wm8978_set_aux_gain  wm8978.o
    0x08020724   0x0000010c   Code   RO         1326    i.wm8978_set_dac    wm8978.o
    0x08020830   0x000000b4   Code   RO         1327    i.wm8978_set_eq_3d_dir  wm8978.o
    0x080208e4   0x000000a4   Code   RO         1328    i.wm8978_set_headset  wm8978.o
    0x08020988   0x000000b0   Code   RO         1329    i.wm8978_set_headset_volume  wm8978.o
    0x08020a38   0x000000bc   Code   RO         1330    i.wm8978_set_i2s_config  wm8978.o
    0x08020af4   0x00000384   Code   RO         1331    i.wm8978_set_input  wm8978.o
    0x08020e78   0x00000108   Code   RO         1332    i.wm8978_set_linein_gain  wm8978.o
    0x08020f80   0x000000b0   Code   RO         1333    i.wm8978_set_mic    wm8978.o
    0x08021030   0x000000a4   Code   RO         1334    i.wm8978_set_mic_gain  wm8978.o
    0x080210d4   0x000000b4   Code   RO         1335    i.wm8978_set_output  wm8978.o
    0x08021188   0x000000c4   Code   RO         1336    i.wm8978_set_player_mode  wm8978.o
    0x0802124c   0x00000098   Code   RO         1337    i.wm8978_set_recorder_mode  wm8978.o
    0x080212e4   0x0000009c   Code   RO         1338    i.wm8978_set_speaker  wm8978.o
    0x08021380   0x000000b0   Code   RO         1339    i.wm8978_set_speaker_volume  wm8978.o
    0x08021430   0x000000d0   Code   RO         1340    i.wm8978_write_reg  wm8978.o
    0x08021500   0x000000cc   Code   RO          303    i.write             easy_rtthread.o
    0x080215cc   0x0000001a   Data   RO          539    .constdata          audio.o
    0x080215e6   0x00000029   Data   RO         1267    .constdata          key.o
    0x0802160f   0x00000064   Data   RO         1342    .constdata          wm8978.o
    0x08021673   0x0000000e   Data   RO         1463    .constdata          cpuusage.o
    0x08021681   0x00000025   Data   RO         1566    .constdata          pin.o
    0x080216a6   0x00000088   Data   RO         1620    .constdata          i2c.o
    0x0802172e   0x0000006e   Data   RO         1698    .constdata          i2s.o
    0x0802179c   0x00000027   Data   RO         1746    .constdata          led.o
    0x080217c3   0x00000f44   Data   RO         1804    .constdata          oled.o
    0x08022707   0x0000006d   Data   RO         2199    .constdata          bh1750.o
    0x08022774   0x00000073   Data   RO         2266    .constdata          bmp180.o
    0x080227e7   0x000000c8   Data   RO         2337    .constdata          mpu6050.o
    0x080228af   0x0000008d   Data   RO         2429    .constdata          si7021.o
    0x0802293c   0x000000d3   Data   RO         2497    .constdata          serial.o
    0x08022a0f   0x00000001   PAD
    0x08022a10   0x00000050   Data   RO         2585    .constdata          usart.o
    0x08022a60   0x00000024   Data   RO         2806    .constdata          usbd_storage_msd.o
    0x08022a84   0x0000001e   Data   RO         2958    .constdata          wav.o
    0x08022aa2   0x0000004b   Data   RO         7532    .constdata          dataqueue.o
    0x08022aed   0x00000039   Data   RO         7630    .constdata          completion.o
    0x08022b26   0x000000a8   Data   RO         7709    .constdata          device.o
    0x08022bce   0x00000016   Data   RO         7783    .constdata          idle.o
    0x08022be4   0x000001d7   Data   RO         7864    .constdata          ipc.o
    0x08022dbb   0x00000122   Data   RO         8146    .constdata          kservice.o
    0x08022edd   0x0000006d   Data   RO         8305    .constdata          mem.o
    0x08022f4a   0x0000005e   Data   RO         8476    .constdata          object.o
    0x08022fa8   0x0000004e   Data   RO         8574    .constdata          scheduler.o
    0x08022ff6   0x000000aa   Data   RO         8665    .constdata          thread.o
    0x080230a0   0x0000005c   Data   RO         8783    .constdata          timer.o
    0x080230fc   0x00000200   Data   RO         8954    .constdata          cmd.o
    0x080232fc   0x000000c4   Data   RO         9367    .constdata          finsh_ops.o
    0x080233c0   0x00000040   Data   RO         9744    .constdata          finsh_token.o
    0x08023400   0x00000060   Data   RO         9937    .constdata          shell.o
    0x08023460   0x00000017   Data   RO        10505    .constdata          usbd_msc_data.o
    0x08023477   0x0000000d   Data   RO        11186    .constdata          ff.o
    0x08023484   0x0002acc8   Data   RO        11463    .constdata          cc936.o
    0x0804e14c   0x00000010   Data   RO        11700    .constdata          arm_cortexM4lf_math.lib(arm_const_structs.o)
    0x0804e15c   0x00000010   Data   RO        11701    .constdata          arm_cortexM4lf_math.lib(arm_const_structs.o)
    0x0804e16c   0x00000400   Data   RO        11779    .constdata          arm_cortexM4lf_math.lib(arm_common_tables.o)
    0x0804e56c   0x00000800   Data   RO        11780    .constdata          arm_cortexM4lf_math.lib(arm_common_tables.o)
    0x0804ed6c   0x000001a0   Data   RO        11808    .constdata          arm_cortexM4lf_math.lib(arm_common_tables.o)
    0x0804ef0c   0x00000370   Data   RO        11809    .constdata          arm_cortexM4lf_math.lib(arm_common_tables.o)
    0x0804f27c   0x00000804   Data   RO        11831    .constdata          arm_cortexM4lf_math.lib(arm_common_tables.o)
    0x0804fa80   0x00000038   Data   RO        11857    .constdata          m_wm.l(log.o)
    0x0804fab8   0x00000008   Data   RO        11925    .constdata          m_wm.l(qnan.o)
    0x0804fac0   0x00000081   Data   RO        11965    .constdata          mc_w.l(ctype_o.o)
    0x0804fb41   0x00000003   PAD
    0x0804fb44   0x00000004   Data   RO        11966    .constdata          mc_w.l(ctype_o.o)
    0x0804fb48   0x0000007a   Data   RO         1961    .conststring        sdio_sd.o
    0x0804fbc2   0x00000002   PAD
    0x0804fbc4   0x000002fb   Data   RO         3133    .conststring        fatfserr.o
    0x0804febf   0x00000001   PAD
    0x0804fec0   0x00000049   Data   RO         3244    .conststring        stm32f4xx_adc.o
    0x0804ff09   0x00000003   PAD
    0x0804ff0c   0x00000049   Data   RO         4190    .conststring        stm32f4xx_dma.o
    0x0804ff55   0x00000003   PAD
    0x0804ff58   0x0000004a   Data   RO         4312    .conststring        stm32f4xx_exti.o
    0x0804ffa2   0x00000002   PAD
    0x0804ffa4   0x0000004a   Data   RO         4717    .conststring        stm32f4xx_gpio.o
    0x0804ffee   0x00000002   PAD
    0x0804fff0   0x00000049   Data   RO         5271    .conststring        stm32f4xx_pwr.o
    0x08050039   0x00000003   PAD
    0x0805003c   0x00000049   Data   RO         5394    .conststring        stm32f4xx_rcc.o
    0x08050085   0x00000003   PAD
    0x08050088   0x00000049   Data   RO         5759    .conststring        stm32f4xx_rtc.o
    0x080500d1   0x00000003   PAD
    0x080500d4   0x0000004a   Data   RO         6091    .conststring        stm32f4xx_sdio.o
    0x0805011e   0x00000002   PAD
    0x08050120   0x00000049   Data   RO         6285    .conststring        stm32f4xx_spi.o
    0x08050169   0x00000003   PAD
    0x0805016c   0x0000004b   Data   RO         7080    .conststring        stm32f4xx_usart.o
    0x080501b7   0x00000001   PAD
    0x080501b8   0x000000ed   Data   RO         8306    .conststring        mem.o
    0x080502a5   0x00000003   PAD
    0x080502a8   0x0000019d   Data   RO         8955    .conststring        cmd.o
    0x08050445   0x00000003   PAD
    0x08050448   0x000000f3   Data   RO         9143    .conststring        finsh_error.o
    0x0805053b   0x00000001   PAD
    0x0805053c   0x0000003e   Data   RO         9745    .conststring        finsh_token.o
    0x0805057a   0x00000002   PAD
    0x0805057c   0x0000000c   Data   RO         8308    FSymTab             mem.o
    0x08050588   0x00000090   Data   RO         8957    FSymTab             cmd.o
    0x08050618   0x00000020   Data   RO        11996    Region$$Table       anon$$obj.o
    0x08050638   0x00000010   Data   RO         8958    VSymTab             cmd.o


    Execution Region RW_IRAM1 (Base: 0x20000000, Size: 0x00009978, Max: 0x00020000, ABSOLUTE, COMPRESSED[0x000001f0])

    Base Addr    Size         Type   Attr      Idx    E Section Name        Object

    0x20000000   0x00000054   Data   RW            6    .data               application.o
    0x20000054   0x00000004   Data   RW          661    .data               thread_key.o
    0x20000058   0x00000001   Data   RW         1125    .data               thread_dsp.o
    0x20000059   0x00000006   Data   RW         1268    .data               key.o
    0x2000005f   0x00000001   PAD
    0x20000060   0x00000074   Data   RW         1343    .data               wm8978.o
    0x200000d4   0x00000008   Data   RW         1464    .data               cpuusage.o
    0x200000dc   0x00000008   Data   RW         1497    .data               dma.o
    0x200000e4   0x00000018   Data   RW         1962    .data               sdio_sd.o
    0x200000fc   0x00000010   Data   RW         2586    .data               usart.o
    0x2000010c   0x0000003c   Data   RW         2736    .data               usbd_desc.o
    0x20000148   0x0000002d   Data   RW         2807    .data               usbd_storage_msd.o
    0x20000175   0x00000003   PAD
    0x20000178   0x0000001c   Data   RW         2880    .data               usbd_usr.o
    0x20000194   0x00000050   Data   RW         3134    .data               fatfserr.o
    0x200001e4   0x00000010   Data   RW         5395    .data               stm32f4xx_rcc.o
    0x200001f4   0x00000004   Data   RW         7664    .data               clock.o
    0x200001f8   0x00000004   Data   RW         7784    .data               idle.o
    0x200001fc   0x00000001   Data   RW         8093    .data               irq.o
    0x200001fd   0x00000003   PAD
    0x20000200   0x00000008   Data   RW         8147    .data               kservice.o
    0x20000208   0x00000020   Data   RW         8307    .data               mem.o
    0x20000228   0x000000a4   Data   RW         8477    .data               object.o
    0x200002cc   0x0000001c   Data   RW         8575    .data               scheduler.o
    0x200002e8   0x00000018   Data   RW         8784    .data               timer.o
    0x20000300   0x00000010   Data   RW         8894    .data               cpuport.o
    0x20000310   0x00000004   Data   RW         8956    .data               cmd.o
    0x20000314   0x00000008   Data   RW         9095    .data               finsh_compiler.o
    0x2000031c   0x00000040   Data   RW         9144    .data               finsh_error.o
    0x2000035c   0x00000008   Data   RW         9182    .data               finsh_heap.o
    0x20000364   0x00000004   Data   RW         9820    .data               finsh_var.o
    0x20000368   0x0000000c   Data   RW         9870    .data               finsh_vm.o
    0x20000374   0x00000004   Data   RW         9938    .data               shell.o
    0x20000378   0x00000010   Data   RW        10009    .data               symbol.o
    0x20000388   0x00000014   Data   RW        10036    .data               system_stm32f4xx.o
    0x2000039c   0x00000034   Data   RW        10095    .data               usbd_core.o
    0x200003d0   0x0000000d   Data   RW        10262    .data               usbd_req.o
    0x200003dd   0x00000001   PAD
    0x200003de   0x00000004   Data   RW        10361    .data               usbd_msc_bot.o
    0x200003e2   0x00000002   PAD
    0x200003e4   0x0000004e   Data   RW        10447    .data               usbd_msc_core.o
    0x20000432   0x00000002   PAD
    0x20000434   0x00000018   Data   RW        10546    .data               usbd_msc_scsi.o
    0x2000044c   0x00000006   Data   RW        11187    .data               ff.o
    0x20000452   0x00000002   PAD
    0x20000454   0x00000008   Data   RW        11539    .data               feature.o
    0x2000045c   0x00000004   Data   RW        11949    .data               mc_w.l(errno.o)
    0x20000460   0x000015c0   Zero   RW            5    .bss                application.o
    0x20001a20   0x00000040   Zero   RW          538    .bss                audio.o
    0x20001a60   0x0000002c   Zero   RW          906    .bss                thread_file.o
    0x20001a8c   0x00000084   Zero   RW         1341    .bss                wm8978.o
    0x20001b10   0x00000430   Zero   RW         1803    .bss                oled.o
    0x20001f40   0x000000cc   Zero   RW         1960    .bss                sdio_sd.o
    0x2000200c   0x00000028   Zero   RW         2198    .bss                bh1750.o
    0x20002034   0x0000004c   Zero   RW         2265    .bss                bmp180.o
    0x20002080   0x00000050   Zero   RW         2336    .bss                mpu6050.o
    0x200020d0   0x00000018   Zero   RW         2428    .bss                si7021.o
    0x200020e8   0x000000a8   Zero   RW         2584    .bss                usart.o
    0x20002190   0x000005f4   Zero   RW         2879    .bss                usbd_usr.o
    0x20002784   0x00000004   PAD
    0x20002788   0x00000480   Zero   RW         7782    .bss                idle.o
    0x20002c08   0x00000080   Zero   RW         8145    .bss                kservice.o
    0x20002c88   0x00000020   Zero   RW         8304    .bss                mem.o
    0x20002ca8   0x00000100   Zero   RW         8573    .bss                scheduler.o
    0x20002da8   0x00000280   Zero   RW         8782    .bss                timer.o
    0x20003028   0x00000080   Zero   RW         9181    .bss                finsh_heap.o
    0x200030a8   0x00000140   Zero   RW         9270    .bss                finsh_node.o
    0x200031e8   0x000000c0   Zero   RW         9819    .bss                finsh_var.o
    0x200032a8   0x00000180   Zero   RW         9869    .bss                finsh_vm.o
    0x20003428   0x00000880   Zero   RW         9936    .bss                shell.o
    0x20003ca8   0x00000040   Zero   RW        10261    .bss                usbd_req.o
    0x20003ce8   0x00001030   Zero   RW        10360    .bss                usbd_msc_bot.o
    0x20004d18   0x00000020   Zero   RW        10545    .bss                usbd_msc_scsi.o
    0x20004d38   0x0000003c   Zero   RW        11185    .bss                ff.o
    0x20004d74   0x00000c00   Zero   RW        11538    .bss                feature.o
    0x20005974   0x00000004   PAD
    0x20005978   0x00004000   Zero   RW        10022    STACK               startup_stm32f4xx.o


==============================================================================

Image component sizes


      Code (inc. data)   RO Data    RW Data    ZI Data      Debug   Object Name

       608        316          0         84       5568     338710   application.o
       576        172         26          0         64       8496   audio.o
       180         12          0          0          0       1289   battery.o
      1688        688        109          0         40       6461   bh1750.o
      2132        800        115          0         76       7475   bmp180.o
       182         18          0          0          0      28581   board.o
       180         18     175304          0          0       2739   cc936.o
        60         12          0          4          0       1289   clock.o
      3116       1362       1085          4          0      21623   cmd.o
       696        270         57          0          0       4387   completion.o
       272         24          0          0          0        852   context_rvds.o
       352        166          0         16          0       3758   cpuport.o
       376        104         14          8          0       2525   cpuusage.o
      1312        344         75          0          0       8731   dataqueue.o
       954        346        168          0          0       8822   device.o
       480         76          0          0          0       5377   diskio.o
       480         58          0          8          0       4407   dma.o
      2408       1238          0          0          0      14537   easy_rtthread.o
         0          0        763         80          0        595   fatfserr.o
      1184         66          0          8       3072       6160   feature.o
      8304         90         13          6         60      39372   ff.o
      6170        156          0          8          0      11950   finsh_compiler.o
        56         22        243         64          0       3071   finsh_error.o
       552         42          0          8        128       6547   finsh_heap.o
        64          6          0          0          0       2356   finsh_init.o
       392          8          0          0        320       6590   finsh_node.o
      3038        294        196          0          0      29138   finsh_ops.o
      2428         32          0          0          0      17991   finsh_parser.o
      1604         16        126          0          0      11262   finsh_token.o
       296         32          0          4        192       8246   finsh_var.o
       176         36          0         12        384       7343   finsh_vm.o
      2090        824        136          0          0       8908   i2c.o
       594        110        110          0          0       3672   i2s.o
       368        116         22          4       1152       4579   idle.o
      3100        888        471          0          0      33528   ipc.o
        84         18          0          1          0       2218   irq.o
       850        170         41          6          0       4266   key.o
      2152        182        290          8        128      15606   kservice.o
       508        240         39          0          0       3119   led.o
       132         34          0          0          0       1119   lowpower.o
      2200        792        358         32         32      13167   mem.o
       632        294          0          0          0       3411   misc.o
      4688       2036        200          0         80      14319   mpu6050.o
         0          0          0          0          0        868   msh.o
       820        316         94        164          0       7533   object.o
      2164        222       3908          0       1072      16782   oled.o
       538        198         37          0          0       3789   pin.o
         0          0          0          0          0        632   pipe.o
       552        170          0          0          0       3770   rtc.o
       970        344         78         28        256       7850   scheduler.o
      7554       1450        122         24        204      35055   sdio_sd.o
      3300        984        211          0          0      18139   serial.o
      2562        428         96          4       2176      10235   shell.o
      2236        844        141          0         24       8043   si7021.o
       206        100          0          0          0       2747   startup.o
        36          8        392          0      16384        848   startup_stm32f4xx.o
      1528        126         73          0          0       7214   stm32f4xx_adc.o
      3512        330         73          0          0      11128   stm32f4xx_dma.o
        40         10         74          0          0        689   stm32f4xx_exti.o
       988        126         74          0          0       3331   stm32f4xx_gpio.o
        16          0          0          0          0       2440   stm32f4xx_it.o
        16          6          0          0          0        593   stm32f4xx_iwdg.o
        36         10         73          0          0        678   stm32f4xx_pwr.o
      1480        274         73         16          0      11892   stm32f4xx_rcc.o
      1846        110         73          0          0      11874   stm32f4xx_rtc.o
      1322        132         74          0          0      13250   stm32f4xx_sdio.o
      1756        164         73          0          0       8227   stm32f4xx_spi.o
      1400        146         75          0          0       5556   stm32f4xx_usart.o
         0          0          0         16          0       4277   symbol.o
       580         62          0         20          0       3108   system_stm32f4xx.o
      1948        660        170          0          0      13496   thread.o
       620        276          0          0          0       1893   thread_audio.o
       532         88          0          0          0       2466   thread_battery.o
      1732        718          0          1          0       5387   thread_dsp.o
      4040       1446          0          0         44      12695   thread_file.o
      1108        416          0          4          0       2242   thread_key.o
       848        328          0          0          0       2630   thread_mpu6050.o
       936         66          0          0          0       8878   thread_oled.o
       840        332          0          0          0       2618   thread_sensors.o
      1906        458         92         24        640      14367   timer.o
      1148        316         80         16        168      34435   usart.o
       214          6          0          0          0       3319   usb_bsp.o
      3414         18          0          0          0      24992   usb_core.o
       736          0          0          0          0       8603   usb_dcd.o
      2050         60          0          0          0      12679   usb_dcd_int.o
        24          6          0          0          0        512   usb_it.o
       820          6          0         52          0      14032   usbd_core.o
       344        168          0         60          0       6028   usbd_desc.o
       198          0          0          0          0       5342   usbd_ioreq.o
       748        124          0          4       4144      10077   usbd_msc_bot.o
       420         18          0         78          0       6117   usbd_msc_core.o
         0          0         23          0          0       1025   usbd_msc_data.o
      2044        278          0         24         32      17153   usbd_msc_scsi.o
      1732         54          0         13         64      12599   usbd_req.o
       746        246         36         45          0      13232   usbd_storage_msd.o
        82         22          0         28       1524       4800   usbd_usr.o
         8          0          0          0          0        512   watchdog.o
       196         62         30          0          0       2836   wav.o
       920         60          0          0          0       2204   window.o
      5460       2170        100        116        132      19174   wm8978.o

    ----------------------------------------------------------------------
    129076      27490     186376       1116      38168    1195483   Object Totals
         0          0         32          0          0          0   (incl. Generated)
        90          0         38         14          8          0   (incl. Padding)

    ----------------------------------------------------------------------

      Code (inc. data)   RO Data    RW Data    ZI Data      Debug   Library Member Name

       192          0          0          0          0        528   arm_bitreversal2.o
      1826          0          0          0          0       3577   arm_cfft_f32.o
      1244          4          0          0          0       2395   arm_cfft_radix8_f32.o
       252          6          0          0          0      14320   arm_cmplx_mag_f32.o
         0          0       6420          0          0       4636   arm_common_tables.o
         0          0         32          0          0       2191   arm_const_structs.o
       120         12          0          0          0      16970   arm_cos_f32.o
       100         28          0          0          0        372   dunder.o
       964         92         56          0          0        316   log.o
       248          0          0          0          0        152   poly.o
         0          0          8          0          0          0   qnan.o
        86          0          0          0          0          0   __dczerorl2.o
        28          0          0          0          0         68   _chval.o
       158          0          0          0          0         92   _strtoul.o
        26          0          0          0          0         80   atoi.o
         8          4        133          0          0         68   ctype_o.o
         0          0          0          0          0          0   entry.o
         0          0          0          0          0          0   entry10a.o
         0          0          0          0          0          0   entry11a.o
         8          4          0          0          0          0   entry2.o
         4          0          0          0          0          0   entry5.o
         0          0          0          0          0          0   entry7b.o
         0          0          0          0          0          0   entry8b.o
         8          4          0          0          0          0   entry9a.o
        20         10          0          4          0        136   errno.o
        30          0          0          0          0          0   handlers.o
        36          8          0          0          0         68   init.o
         0          0          0          0          0          0   iusefp.o
        30          0          0          0          0         68   llshl.o
        36          0          0          0          0         68   llsshr.o
        32          0          0          0          0         68   llushr.o
        36          0          0          0          0         68   memcpya.o
        36          0          0          0          0        108   memseta.o
        28          0          0          0          0         76   strcmp.o
        14          0          0          0          0         68   strlen.o
        30          0          0          0          0         80   strncmp.o
        24          0          0          0          0         76   strncpy.o
       112          0          0          0          0         88   strtol.o
        98          0          0          0          0         92   uldiv.o
        48          0          0          0          0         68   cdcmple.o
        56          0          0          0          0         88   d2f.o
       334          0          0          0          0        148   dadd.o
       222          0          0          0          0        100   ddiv.o
       186          0          0          0          0        176   depilogue.o
        50          0          0          0          0         76   dfixui.o
        34          0          0          0          0         76   dflti.o
        26          0          0          0          0         76   dfltui.o
       228          0          0          0          0         96   dmul.o
        38          0          0          0          0         68   f2d.o
       110          0          0          0          0        168   fepilogue.o

    ----------------------------------------------------------------------
      7184        176       6652          4          0      47969   Library Totals
        18          4          3          0          0          0   (incl. Padding)

    ----------------------------------------------------------------------

      Code (inc. data)   RO Data    RW Data    ZI Data      Debug   Library Name

      3634         22       6452          0          0      44617   arm_cortexM4lf_math.lib
      1312        120         64          0          0        840   m_wm.l
       888         30        133          4          0       1372   mc_w.l
      1332          0          0          0          0       1140   mf_w.l

    ----------------------------------------------------------------------
      7184        176       6652          4          0      47969   Library Totals

    ----------------------------------------------------------------------

==============================================================================


      Code (inc. data)   RO Data    RW Data    ZI Data      Debug   

    136260      27666     193028       1120      38168    1158936   Grand Totals
    136260      27666     193028        496      38168    1158936   ELF Image Totals (compressed)
    136260      27666     193028        496          0          0   ROM Totals

==============================================================================

    Total RO  Size (Code + RO Data)               329288 ( 321.57kB)
    Total RW  Size (RW Data + ZI Data)             39288 (  38.37kB)
    Total ROM Size (Code + RO Data + RW Data)     329784 ( 322.05kB)

==============================================================================

